../Drivers/CMSIS/Include/core_cm7.h:2229:22:SCB_EnableICache	4	static,ignoring_inline_asm
../Drivers/CMSIS/Include/core_cm7.h:2281:22:SCB_EnableDCache	24	static,ignoring_inline_asm
../Core/Src/main.c:91:5:main	16	static
../Core/Src/main.c:162:6:SystemClock_Config	88	static
../Core/Src/main.c:210:13:MX_TIM1_Init	56	static
../Core/Src/main.c:270:13:MX_TIM3_Init	48	static
../Core/Src/main.c:322:13:MX_UART4_Init	8	static
../Core/Src/main.c:355:13:MX_DMA_Init	16	static
../Core/Src/main.c:373:13:MX_GPIO_Init	40	static
../Core/Src/main.c:401:6:TIM1_Start_IC	8	static
../Core/Src/main.c:405:6:TIM1_Stop_IC	8	static
../Core/Src/main.c:409:6:motors_controller	16	static
../Core/Src/main.c:421:6:poll_speed	16	static
../Core/Src/main.c:430:6:w_calc	24	static
../Core/Src/main.c:462:6:HAL_TIM_IC_CaptureCallback	16	static
../Core/Src/main.c:483:6:HAL_UART_txCPltCallback	16	static
../Core/Src/main.c:490:6:MPU_Config	24	static
../Core/Src/main.c:521:6:Error_Handler	4	static,ignoring_inline_asm
