../Drivers/CMSIS/Include/core_cm7.h:2229:22:SCB_EnableICache	4	static,ignoring_inline_asm
../Drivers/CMSIS/Include/core_cm7.h:2281:22:SCB_EnableDCache	24	static,ignoring_inline_asm
../Core/Src/main.c:109:6:TIM_Start_IC	16	static
../Core/Src/main.c:113:6:TIM_Stop_IC	16	static
../Core/Src/main.c:117:6:TIM10_Stop_IC	8	static
../Core/Src/main.c:121:6:reset_tim9	4	static
../Core/Src/main.c:128:6:Start_Diff_PWM	8	static
../Core/Src/main.c:136:6:move	24	static
../Core/Src/main.c:172:6:motors_controller	16	static
../Core/Src/main.c:207:6:poll_speed	16	static
../Core/Src/main.c:233:6:HAL_TIM_IC_CaptureCallback	16	static
../Core/Src/main.c:256:6:HAL_TIM_PeriodElapsedCallback	16	static
../Core/Src/main.c:267:6:w_calc	4	static
../Core/Src/main.c:337:5:main	8	static
../Core/Src/main.c:405:6:SystemClock_Config	88	static
../Core/Src/main.c:461:13:MX_TIM8_Init	96	static
../Core/Src/main.c:535:13:MX_TIM9_Init	24	static
../Core/Src/main.c:573:13:MX_TIM10_Init	24	static
../Core/Src/main.c:618:13:MX_TIM11_Init	24	static
../Core/Src/main.c:663:13:MX_GPIO_Init	48	static
../Core/Src/main.c:708:6:MPU_Config	24	static
../Core/Src/main.c:739:6:Error_Handler	4	static,ignoring_inline_asm
