Archive member included to satisfy reference by file (symbol)

C:/ST/STM32CubeIDE_1.18.0/STM32CubeIDE/plugins/com.st.stm32cube.ide.mcu.externaltools.gnu-tools-for-stm32.13.3.rel1.win32_1.0.0.202411081344/tools/bin/../lib/gcc/arm-none-eabi/13.3.1/../../../../arm-none-eabi/lib/thumb/v7e-m+dp/hard\libc_nano.a(libc_a-exit.o)
                              C:/ST/STM32CubeIDE_1.18.0/STM32CubeIDE/plugins/com.st.stm32cube.ide.mcu.externaltools.gnu-tools-for-stm32.13.3.rel1.win32_1.0.0.202411081344/tools/bin/../lib/gcc/arm-none-eabi/13.3.1/../../../../arm-none-eabi/lib/thumb/v7e-m+dp/hard/crt0.o (exit)
C:/ST/STM32CubeIDE_1.18.0/STM32CubeIDE/plugins/com.st.stm32cube.ide.mcu.externaltools.gnu-tools-for-stm32.13.3.rel1.win32_1.0.0.202411081344/tools/bin/../lib/gcc/arm-none-eabi/13.3.1/../../../../arm-none-eabi/lib/thumb/v7e-m+dp/hard\libc_nano.a(libc_a-findfp.o)
                              C:/ST/STM32CubeIDE_1.18.0/STM32CubeIDE/plugins/com.st.stm32cube.ide.mcu.externaltools.gnu-tools-for-stm32.13.3.rel1.win32_1.0.0.202411081344/tools/bin/../lib/gcc/arm-none-eabi/13.3.1/../../../../arm-none-eabi/lib/thumb/v7e-m+dp/hard\libc_nano.a(libc_a-exit.o) (__stdio_exit_handler)
C:/ST/STM32CubeIDE_1.18.0/STM32CubeIDE/plugins/com.st.stm32cube.ide.mcu.externaltools.gnu-tools-for-stm32.13.3.rel1.win32_1.0.0.202411081344/tools/bin/../lib/gcc/arm-none-eabi/13.3.1/../../../../arm-none-eabi/lib/thumb/v7e-m+dp/hard\libc_nano.a(libc_a-fwalk.o)
                              C:/ST/STM32CubeIDE_1.18.0/STM32CubeIDE/plugins/com.st.stm32cube.ide.mcu.externaltools.gnu-tools-for-stm32.13.3.rel1.win32_1.0.0.202411081344/tools/bin/../lib/gcc/arm-none-eabi/13.3.1/../../../../arm-none-eabi/lib/thumb/v7e-m+dp/hard\libc_nano.a(libc_a-findfp.o) (_fwalk_sglue)
C:/ST/STM32CubeIDE_1.18.0/STM32CubeIDE/plugins/com.st.stm32cube.ide.mcu.externaltools.gnu-tools-for-stm32.13.3.rel1.win32_1.0.0.202411081344/tools/bin/../lib/gcc/arm-none-eabi/13.3.1/../../../../arm-none-eabi/lib/thumb/v7e-m+dp/hard\libc_nano.a(libc_a-stdio.o)
                              C:/ST/STM32CubeIDE_1.18.0/STM32CubeIDE/plugins/com.st.stm32cube.ide.mcu.externaltools.gnu-tools-for-stm32.13.3.rel1.win32_1.0.0.202411081344/tools/bin/../lib/gcc/arm-none-eabi/13.3.1/../../../../arm-none-eabi/lib/thumb/v7e-m+dp/hard\libc_nano.a(libc_a-findfp.o) (__sread)
C:/ST/STM32CubeIDE_1.18.0/STM32CubeIDE/plugins/com.st.stm32cube.ide.mcu.externaltools.gnu-tools-for-stm32.13.3.rel1.win32_1.0.0.202411081344/tools/bin/../lib/gcc/arm-none-eabi/13.3.1/../../../../arm-none-eabi/lib/thumb/v7e-m+dp/hard\libc_nano.a(libc_a-memset.o)
                              C:/ST/STM32CubeIDE_1.18.0/STM32CubeIDE/plugins/com.st.stm32cube.ide.mcu.externaltools.gnu-tools-for-stm32.13.3.rel1.win32_1.0.0.202411081344/tools/bin/../lib/gcc/arm-none-eabi/13.3.1/../../../../arm-none-eabi/lib/thumb/v7e-m+dp/hard/crt0.o (memset)
C:/ST/STM32CubeIDE_1.18.0/STM32CubeIDE/plugins/com.st.stm32cube.ide.mcu.externaltools.gnu-tools-for-stm32.13.3.rel1.win32_1.0.0.202411081344/tools/bin/../lib/gcc/arm-none-eabi/13.3.1/../../../../arm-none-eabi/lib/thumb/v7e-m+dp/hard\libc_nano.a(libc_a-strstr.o)
                              ./Core/Src/main.o (strstr)
C:/ST/STM32CubeIDE_1.18.0/STM32CubeIDE/plugins/com.st.stm32cube.ide.mcu.externaltools.gnu-tools-for-stm32.13.3.rel1.win32_1.0.0.202411081344/tools/bin/../lib/gcc/arm-none-eabi/13.3.1/../../../../arm-none-eabi/lib/thumb/v7e-m+dp/hard\libc_nano.a(libc_a-closer.o)
                              C:/ST/STM32CubeIDE_1.18.0/STM32CubeIDE/plugins/com.st.stm32cube.ide.mcu.externaltools.gnu-tools-for-stm32.13.3.rel1.win32_1.0.0.202411081344/tools/bin/../lib/gcc/arm-none-eabi/13.3.1/../../../../arm-none-eabi/lib/thumb/v7e-m+dp/hard\libc_nano.a(libc_a-stdio.o) (_close_r)
C:/ST/STM32CubeIDE_1.18.0/STM32CubeIDE/plugins/com.st.stm32cube.ide.mcu.externaltools.gnu-tools-for-stm32.13.3.rel1.win32_1.0.0.202411081344/tools/bin/../lib/gcc/arm-none-eabi/13.3.1/../../../../arm-none-eabi/lib/thumb/v7e-m+dp/hard\libc_nano.a(libc_a-reent.o)
                              C:/ST/STM32CubeIDE_1.18.0/STM32CubeIDE/plugins/com.st.stm32cube.ide.mcu.externaltools.gnu-tools-for-stm32.13.3.rel1.win32_1.0.0.202411081344/tools/bin/../lib/gcc/arm-none-eabi/13.3.1/../../../../arm-none-eabi/lib/thumb/v7e-m+dp/hard\libc_nano.a(libc_a-closer.o) (errno)
C:/ST/STM32CubeIDE_1.18.0/STM32CubeIDE/plugins/com.st.stm32cube.ide.mcu.externaltools.gnu-tools-for-stm32.13.3.rel1.win32_1.0.0.202411081344/tools/bin/../lib/gcc/arm-none-eabi/13.3.1/../../../../arm-none-eabi/lib/thumb/v7e-m+dp/hard\libc_nano.a(libc_a-impure.o)
                              C:/ST/STM32CubeIDE_1.18.0/STM32CubeIDE/plugins/com.st.stm32cube.ide.mcu.externaltools.gnu-tools-for-stm32.13.3.rel1.win32_1.0.0.202411081344/tools/bin/../lib/gcc/arm-none-eabi/13.3.1/../../../../arm-none-eabi/lib/thumb/v7e-m+dp/hard\libc_nano.a(libc_a-reent.o) (_impure_ptr)
[...]
Memory Configuration

Name             Origin             Length             Attributes
RAM              0x20000000         0x00080000         xrw
FLASH            0x08000000         0x00200000         xr
*default*        0x00000000         0xffffffff

Linker script and memory map

LOAD C:/ST/STM32CubeIDE_1.18.0/STM32CubeIDE/plugins/com.st.stm32cube.ide.mcu.externaltools.gnu-tools-for-stm32.13.3.rel1.win32_1.0.0.202411081344/tools/bin/../lib/gcc/arm-none-eabi/13.3.1/thumb/v7e-m+dp/hard/crti.o
LOAD C:/ST/STM32CubeIDE_1.18.0/STM32CubeIDE/plugins/com.st.stm32cube.ide.mcu.externaltools.gnu-tools-for-stm32.13.3.rel1.win32_1.0.0.202411081344/tools/bin/../lib/gcc/arm-none-eabi/13.3.1/thumb/v7e-m+dp/hard/crtbegin.o
LOAD C:/ST/STM32CubeIDE_1.18.0/STM32CubeIDE/plugins/com.st.stm32cube.ide.mcu.externaltools.gnu-tools-for-stm32.13.3.rel1.win32_1.0.0.202411081344/tools/bin/../lib/gcc/arm-none-eabi/13.3.1/../../../../arm-none-eabi/lib/thumb/v7e-m+dp/hard/crt0.o
LOAD ./Core/Src/accel.o
LOAD ./Core/Src/i2c-lcd.o
LOAD ./Core/Src/main.o
LOAD ./Core/Src/stm32f7xx_hal_msp.o
LOAD ./Core/Src/stm32f7xx_it.o
LOAD ./Core/Src/syscalls.o
LOAD ./Core/Src/sysmem.o
LOAD ./Core/Src/system_stm32f7xx.o
LOAD ./Core/Startup/startup_stm32f767zitx.o
LOAD ./Drivers/STM32F7xx_HAL_Driver/Src/stm32f7xx_hal.o
LOAD ./Drivers/STM32F7xx_HAL_Driver/Src/stm32f7xx_hal_cortex.o
LOAD ./Drivers/STM32F7xx_HAL_Driver/Src/stm32f7xx_hal_dma.o
LOAD ./Drivers/STM32F7xx_HAL_Driver/Src/stm32f7xx_hal_dma_ex.o
LOAD ./Drivers/STM32F7xx_HAL_Driver/Src/stm32f7xx_hal_exti.o
LOAD ./Drivers/STM32F7xx_HAL_Driver/Src/stm32f7xx_hal_flash.o
LOAD ./Drivers/STM32F7xx_HAL_Driver/Src/stm32f7xx_hal_flash_ex.o
LOAD ./Drivers/STM32F7xx_HAL_Driver/Src/stm32f7xx_hal_gpio.o
LOAD ./Drivers/STM32F7xx_HAL_Driver/Src/stm32f7xx_hal_i2c.o
LOAD ./Drivers/STM32F7xx_HAL_Driver/Src/stm32f7xx_hal_i2c_ex.o
LOAD ./Drivers/STM32F7xx_HAL_Driver/Src/stm32f7xx_hal_pwr.o
LOAD ./Drivers/STM32F7xx_HAL_Driver/Src/stm32f7xx_hal_pwr_ex.o
LOAD ./Drivers/STM32F7xx_HAL_Driver/Src/stm32f7xx_hal_rcc.o
LOAD ./Drivers/STM32F7xx_HAL_Driver/Src/stm32f7xx_hal_rcc_ex.o
LOAD ./Drivers/STM32F7xx_HAL_Driver/Src/stm32f7xx_hal_tim.o
LOAD ./Drivers/STM32F7xx_HAL_Driver/Src/stm32f7xx_hal_tim_ex.o
LOAD ./Drivers/STM32F7xx_HAL_Driver/Src/stm32f7xx_hal_uart.o
LOAD ./Drivers/STM32F7xx_HAL_Driver/Src/stm32f7xx_hal_uart_ex.o
START GROUP
LOAD C:/ST/STM32CubeIDE_1.18.0/STM32CubeIDE/plugins/com.st.stm32cube.ide.mcu.externaltools.gnu-tools-for-stm32.13.3.rel1.win32_1.0.0.202411081344/tools/bin/../lib/gcc/arm-none-eabi/13.3.1/../../../../arm-none-eabi/lib/thumb/v7e-m+dp/hard\libc_nano.a
LOAD C:/ST/STM32CubeIDE_1.18.0/STM32CubeIDE/plugins/com.st.stm32cube.ide.mcu.externaltools.gnu-tools-for-stm32.13.3.rel1.win32_1.0.0.202411081344/tools/bin/../lib/gcc/arm-none-eabi/13.3.1/../../../../arm-none-eabi/lib/thumb/v7e-m+dp/hard\libm.a
END GROUP
START GROUP
LOAD C:/ST/STM32CubeIDE_1.18.0/STM32CubeIDE/plugins/com.st.stm32cube.ide.mcu.externaltools.gnu-tools-for-stm32.13.3.rel1.win32_1.0.0.202411081344/tools/bin/../lib/gcc/arm-none-eabi/13.3.1/thumb/v7e-m+dp/hard\libgcc.a
LOAD C:/ST/STM32CubeIDE_1.18.0/STM32CubeIDE/plugins/com.st.stm32cube.ide.mcu.externaltools.gnu-tools-for-stm32.13.3.rel1.win32_1.0.0.202411081344/tools/bin/../lib/gcc/arm-none-eabi/13.3.1/../../../../arm-none-eabi/lib/thumb/v7e-m+dp/hard\libc_nano.a
END GROUP
START GROUP
LOAD C:/ST/STM32CubeIDE_1.18.0/STM32CubeIDE/plugins/com.st.stm32cube.ide.mcu.externaltools.gnu-tools-for-stm32.13.3.rel1.win32_1.0.0.202411081344/tools/bin/../lib/gcc/arm-none-eabi/13.3.1/thumb/v7e-m+dp/hard\libgcc.a
LOAD C:/ST/STM32CubeIDE_1.18.0/STM32CubeIDE/plugins/com.st.stm32cube.ide.mcu.externaltools.gnu-tools-for-stm32.13.3.rel1.win32_1.0.0.202411081344/tools/bin/../lib/gcc/arm-none-eabi/13.3.1/../../../../arm-none-eabi/lib/thumb/v7e-m+dp/hard\libc_nano.a
LOAD C:/ST/STM32CubeIDE_1.18.0/STM32CubeIDE/plugins/com.st.stm32cube.ide.mcu.externaltools.gnu-tools-for-stm32.13.3.rel1.win32_1.0.0.202411081344/tools/bin/../lib/gcc/arm-none-eabi/13.3.1/../../../../arm-none-eabi/lib/thumb/v7e-m+dp/hard\libnosys.a
END GROUP
START GROUP
LOAD C:/ST/STM32CubeIDE_1.18.0/STM32CubeIDE/plugins/com.st.stm32cube.ide.mcu.externaltools.gnu-tools-for-stm32.13.3.rel1.win32_1.0.0.202411081344/tools/bin/../lib/gcc/arm-none-eabi/13.3.1/thumb/v7e-m+dp/hard\libgcc.a
LOAD C:/ST/STM32CubeIDE_1.18.0/STM32CubeIDE/plugins/com.st.stm32cube.ide.mcu.externaltools.gnu-tools-for-stm32.13.3.rel1.win32_1.0.0.202411081344/tools/bin/../lib/gcc/arm-none-eabi/13.3.1/../../../../arm-none-eabi/lib/thumb/v7e-m+dp/hard\libc_nano.a
LOAD C:/ST/STM32CubeIDE_1.18.0/STM32CubeIDE/plugins/com.st.stm32cube.ide.mcu.externaltools.gnu-tools-for-stm32.13.3.rel1.win32_1.0.0.202411081344/tools/bin/../lib/gcc/arm-none-eabi/13.3.1/../../../../arm-none-eabi/lib/thumb/v7e-m+dp/hard\libnosys.a
END GROUP
LOAD C:/ST/STM32CubeIDE_1.18.0/STM32CubeIDE/plugins/com.st.stm32cube.ide.mcu.externaltools.gnu-tools-for-stm32.13.3.rel1.win32_1.0.0.202411081344/tools/bin/../lib/gcc/arm-none-eabi/13.3.1/thumb/v7e-m+dp/hard/crtend.o
LOAD C:/ST/STM32CubeIDE_1.18.0/STM32CubeIDE/plugins/com.st.stm32cube.ide.mcu.externaltools.gnu-tools-for-stm32.13.3.rel1.win32_1.0.0.202411081344/tools/bin/../lib/gcc/arm-none-eabi/13.3.1/thumb/v7e-m+dp/hard/crtn.o
                0x20080000                        _estack = (ORIGIN (RAM) + LENGTH (RAM))
                0x00000200                        _Min_Heap_Size = 0x200
                0x00000400                        _Min_Stack_Size = 0x400

.isr_vector     0x08000000      0x1f8
                0x08000000                        . = ALIGN (0x4)
 *(.isr_vector)
 .isr_vector    0x08000000      0x1f8 ./Core/Startup/startup_stm32f767zitx.o
                0x08000000                g_pfnVectors
                0x080001f8                        . = ALIGN (0x4)

.text           0x080001f8     0x78b4
                0x080001f8                        . = ALIGN (0x4)
 *(.text)
 .text          0x080001f8       0x40 C:/ST/STM32CubeIDE_1.18.0/STM32CubeIDE/plugins/com.st.stm32cube.ide.mcu.externaltools.gnu-tools-for-stm32.13.3.rel1.win32_1.0.0.202411081344/tools/bin/../lib/gcc/arm-none-eabi/13.3.1/thumb/v7e-m+dp/hard/crtbegin.o
 .text          0x08000238       0x30 C:/ST/STM32CubeIDE_1.18.0/STM32CubeIDE/plugins/com.st.stm32cube.ide.mcu.externaltools.gnu-tools-for-stm32.13.3.rel1.win32_1.0.0.202411081344/tools/bin/../lib/gcc/arm-none-eabi/13.3.1/thumb/v7e-m+dp/hard\libgcc.a(_aeabi_uldivmod.o)
                0x08000238                __aeabi_uldivmod
 .text          0x08000268      0x2f8 C:/ST/STM32CubeIDE_1.18.0/STM32CubeIDE/plugins/com.st.stm32cube.ide.mcu.externaltools.gnu-tools-for-stm32.13.3.rel1.win32_1.0.0.202411081344/tools/bin/../lib/gcc/arm-none-eabi/13.3.1/thumb/v7e-m+dp/hard\libgcc.a(_udivmoddi4.o)
                0x08000268                __udivmoddi4
 .text          0x08000560        0x4 C:/ST/STM32CubeIDE_1.18.0/STM32CubeIDE/plugins/com.st.stm32cube.ide.mcu.externaltools.gnu-tools-for-stm32.13.3.rel1.win32_1.0.0.202411081344/tools/bin/../lib/gcc/arm-none-eabi/13.3.1/thumb/v7e-m+dp/hard\libgcc.a(_dvmd_tls.o)
                0x08000560                __aeabi_idiv0
                0x08000560                __aeabi_ldiv0
 *(.text*)
 .text.BNO055_Init_I2C
                0x08000564      0x1c0 ./Core/Src/accel.o
                0x08000564                BNO055_Init_I2C
 .text.poll_IMU
                0x08000724       0x4e ./Core/Src/accel.o
                0x08000724                poll_IMU
 *fill*         0x08000772        0x2 
 .text.lcd_send_cmd
                0x08000774       0x60 ./Core/Src/i2c-lcd.o
                0x08000774                lcd_send_cmd
 .text.lcd_init
                0x080007d4       0x7a ./Core/Src/i2c-lcd.o
                0x080007d4                lcd_init
 *fill*         0x0800084e        0x2 
 .text.Interpret_Commands
                0x08000850      0x12c ./Core/Src/main.o
                0x08000850                Interpret_Commands
 .text.Send_to_Base
                0x0800097c       0x7c ./Core/Src/main.o
                0x0800097c                Send_to_Base
 .text.Receive_from_Base
                0x080009f8       0x1c ./Core/Src/main.o
                0x080009f8                Receive_from_Base
 .text.HAL_UART_TxCpltCallback
                0x08000a14       0x30 ./Core/Src/main.o
                0x08000a14                HAL_UART_TxCpltCallback
 .text.HAL_UART_RxCpltCallback
                0x08000a44       0x44 ./Core/Src/main.o
                0x08000a44                HAL_UART_RxCpltCallback
 .text.delay_in_us
                0x08000a88       0x30 ./Core/Src/main.o
                0x08000a88                delay_in_us
 .text.poll_ultrasonic
                0x08000ab8      0x164 ./Core/Src/main.o
                0x08000ab8                poll_ultrasonic
 *fill*         0x08000c1c        0x4 
 .text.HAL_TIM_IC_CaptureCallback
                0x08000c20      0x15c ./Core/Src/main.o
                0x08000c20                HAL_TIM_IC_CaptureCallback
 .text.move     0x08000d7c      0x1e4 ./Core/Src/main.o
                0x08000d7c                move
 .text.motors_controller
                0x08000f60      0x138 ./Core/Src/main.o
                0x08000f60                motors_controller
 .text.HAL_TIM_PeriodElapsedCallback
                0x08001098       0x60 ./Core/Src/main.o
                0x08001098                HAL_TIM_PeriodElapsedCallback
 .text.main     0x080010f8       0x60 ./Core/Src/main.o
                0x080010f8                main
 .text.SystemClock_Config
                0x08001158       0xe0 ./Core/Src/main.o
                0x08001158                SystemClock_Config
 .text.MX_I2C1_Init
                0x08001238       0x80 ./Core/Src/main.o
 .text.MX_I2C2_Init
                0x080012b8       0x80 ./Core/Src/main.o
 .text.MX_TIM1_Init
                0x08001338       0xf4 ./Core/Src/main.o
 .text.MX_TIM2_Init
                0x0800142c       0xe8 ./Core/Src/main.o
 .text.MX_TIM3_Init
                0x08001514       0xec ./Core/Src/main.o
 .text.MX_TIM4_Init
                0x08001600       0xec ./Core/Src/main.o
 .text.MX_TIM8_Init
                0x080016ec      0x138 ./Core/Src/main.o
 .text.MX_TIM9_Init
                0x08001824       0x74 ./Core/Src/main.o
 .text.MX_USART2_UART_Init
                0x08001898       0x60 ./Core/Src/main.o
 .text.MX_GPIO_Init
                0x080018f8      0x1c0 ./Core/Src/main.o
 .text.MPU_Config
                0x08001ab8       0x58 ./Core/Src/main.o
 .text.Error_Handler
                0x08001b10        0xc ./Core/Src/main.o
                0x08001b10                Error_Handler
 .text.HAL_MspInit
                0x08001b1c       0x48 ./Core/Src/stm32f7xx_hal_msp.o
                0x08001b1c                HAL_MspInit
 .text.HAL_I2C_MspInit
                0x08001b64      0x14c ./Core/Src/stm32f7xx_hal_msp.o
                0x08001b64                HAL_I2C_MspInit
 .text.HAL_TIM_Base_MspInit
                0x08001cb0      0x23c ./Core/Src/stm32f7xx_hal_msp.o
                0x08001cb0                HAL_TIM_Base_MspInit
 .text.HAL_TIM_PWM_MspInit
                0x08001eec       0x40 ./Core/Src/stm32f7xx_hal_msp.o
                0x08001eec                HAL_TIM_PWM_MspInit
 .text.HAL_TIM_MspPostInit
                0x08001f2c       0x70 ./Core/Src/stm32f7xx_hal_msp.o
                0x08001f2c                HAL_TIM_MspPostInit
 .text.HAL_UART_MspInit
                0x08001f9c       0xcc ./Core/Src/stm32f7xx_hal_msp.o
                0x08001f9c                HAL_UART_MspInit
 .text.NMI_Handler
                0x08002068        0x8 ./Core/Src/stm32f7xx_it.o
                0x08002068                NMI_Handler
 .text.HardFault_Handler
                0x08002070        0x8 ./Core/Src/stm32f7xx_it.o
                0x08002070                HardFault_Handler
 .text.MemManage_Handler
                0x08002078        0x8 ./Core/Src/stm32f7xx_it.o
                0x08002078                MemManage_Handler
 .text.BusFault_Handler
                0x08002080        0x8 ./Core/Src/stm32f7xx_it.o
                0x08002080                BusFault_Handler
 .text.UsageFault_Handler
                0x08002088        0x8 ./Core/Src/stm32f7xx_it.o
                0x08002088                UsageFault_Handler
 .text.SVC_Handler
                0x08002090        0xe ./Core/Src/stm32f7xx_it.o
                0x08002090                SVC_Handler
 .text.DebugMon_Handler
                0x0800209e        0xe ./Core/Src/stm32f7xx_it.o
                0x0800209e                DebugMon_Handler
 .text.PendSV_Handler
                0x080020ac        0xe ./Core/Src/stm32f7xx_it.o
                0x080020ac                PendSV_Handler
 .text.SysTick_Handler
                0x080020ba        0xc ./Core/Src/stm32f7xx_it.o
                0x080020ba                SysTick_Handler
 .text.EXTI3_IRQHandler
                0x080020c6        0xe ./Core/Src/stm32f7xx_it.o
                0x080020c6                EXTI3_IRQHandler
 .text.TIM1_BRK_TIM9_IRQHandler
                0x080020d4       0x1c ./Core/Src/stm32f7xx_it.o
                0x080020d4                TIM1_BRK_TIM9_IRQHandler
 .text.TIM1_CC_IRQHandler
                0x080020f0       0x14 ./Core/Src/stm32f7xx_it.o
                0x080020f0                TIM1_CC_IRQHandler
 .text.TIM2_IRQHandler
                0x08002104       0x14 ./Core/Src/stm32f7xx_it.o
                0x08002104                TIM2_IRQHandler
 .text.TIM3_IRQHandler
                0x08002118       0x14 ./Core/Src/stm32f7xx_it.o
                0x08002118                TIM3_IRQHandler
 .text.TIM4_IRQHandler
                0x0800212c       0x14 ./Core/Src/stm32f7xx_it.o
                0x0800212c                TIM4_IRQHandler
 .text.USART2_IRQHandler
                0x08002140       0x14 ./Core/Src/stm32f7xx_it.o
                0x08002140                USART2_IRQHandler
 .text.SystemInit
                0x08002154       0x24 ./Core/Src/system_stm32f7xx.o
                0x08002154                SystemInit
 .text.Reset_Handler
                0x08002178       0x50 ./Core/Startup/startup_stm32f767zitx.o
                0x08002178                Reset_Handler
 .text.Default_Handler
                0x080021c8        0x2 ./Core/Startup/startup_stm32f767zitx.o
                0x080021c8                RTC_Alarm_IRQHandler
                0x080021c8                EXTI2_IRQHandler
                0x080021c8                TIM8_CC_IRQHandler
                0x080021c8                UART8_IRQHandler
                0x080021c8                SPI4_IRQHandler
                0x080021c8                DMA2_Stream5_IRQHandler
                0x080021c8                JPEG_IRQHandler
                0x080021c8                DMA1_Stream5_IRQHandler
                0x080021c8                CAN3_RX1_IRQHandler
                0x080021c8                PVD_IRQHandler
                0x080021c8                TAMP_STAMP_IRQHandler
                0x080021c8                CAN2_RX1_IRQHandler
                0x080021c8                TIM8_TRG_COM_TIM14_IRQHandler
                0x080021c8                DFSDM1_FLT1_IRQHandler
                0x080021c8                TIM1_UP_TIM10_IRQHandler
                0x080021c8                TIM8_UP_TIM13_IRQHandler
                0x080021c8                I2C3_ER_IRQHandler
                0x080021c8                DFSDM1_FLT2_IRQHandler
                0x080021c8                EXTI0_IRQHandler
                0x080021c8                I2C2_EV_IRQHandler
                0x080021c8                DMA1_Stream2_IRQHandler
                0x080021c8                CAN1_RX0_IRQHandler
                0x080021c8                FPU_IRQHandler
                0x080021c8                OTG_HS_WKUP_IRQHandler
                0x080021c8                CAN3_SCE_IRQHandler
                0x080021c8                LTDC_ER_IRQHandler
                0x080021c8                CAN2_SCE_IRQHandler
                0x080021c8                DMA2_Stream2_IRQHandler
                0x080021c8                SPI1_IRQHandler
                0x080021c8                TIM6_DAC_IRQHandler
                0x080021c8                DCMI_IRQHandler
                0x080021c8                CAN2_RX0_IRQHandler
                0x080021c8                DMA2_Stream3_IRQHandler
                0x080021c8                SAI2_IRQHandler
                0x080021c8                DFSDM1_FLT3_IRQHandler
                0x080021c8                USART6_IRQHandler
                0x080021c8                CAN3_RX0_IRQHandler
                0x080021c8                USART3_IRQHandler
                0x080021c8                CAN1_RX1_IRQHandler
                0x080021c8                UART5_IRQHandler
                0x080021c8                DMA2_Stream0_IRQHandler
                0x080021c8                QUADSPI_IRQHandler
                0x080021c8                I2C1_EV_IRQHandler
                0x080021c8                DMA1_Stream6_IRQHandler
                0x080021c8                DMA1_Stream1_IRQHandler
                0x080021c8                UART4_IRQHandler
                0x080021c8                RCC_IRQHandler
                0x080021c8                TIM8_BRK_TIM12_IRQHandler
                0x080021c8                Default_Handler
                0x080021c8                CEC_IRQHandler
                0x080021c8                EXTI15_10_IRQHandler
                0x080021c8                ADC_IRQHandler
                0x080021c8                DMA1_Stream7_IRQHandler
                0x080021c8                SPI5_IRQHandler
                0x080021c8                TIM7_IRQHandler
                0x080021c8                SDMMC1_IRQHandler
                0x080021c8                CAN2_TX_IRQHandler
                0x080021c8                TIM5_IRQHandler
                0x080021c8                DMA2_Stream7_IRQHandler
                0x080021c8                I2C3_EV_IRQHandler
                0x080021c8                EXTI9_5_IRQHandler
                0x080021c8                RTC_WKUP_IRQHandler
                0x080021c8                LTDC_IRQHandler
                0x080021c8                ETH_WKUP_IRQHandler
                0x080021c8                SPDIF_RX_IRQHandler
                0x080021c8                SPI2_IRQHandler
                0x080021c8                OTG_HS_EP1_IN_IRQHandler
                0x080021c8                DMA1_Stream0_IRQHandler
                0x080021c8                CAN1_TX_IRQHandler
                0x080021c8                EXTI4_IRQHandler
                0x080021c8                RNG_IRQHandler
                0x080021c8                ETH_IRQHandler
                0x080021c8                OTG_HS_EP1_OUT_IRQHandler
                0x080021c8                WWDG_IRQHandler
                0x080021c8                SPI6_IRQHandler
                0x080021c8                MDIOS_IRQHandler
                0x080021c8                I2C4_EV_IRQHandler
                0x080021c8                CAN3_TX_IRQHandler
                0x080021c8                OTG_FS_WKUP_IRQHandler
                0x080021c8                TIM1_TRG_COM_TIM11_IRQHandler
                0x080021c8                OTG_HS_IRQHandler
                0x080021c8                DMA2D_IRQHandler
                0x080021c8                EXTI1_IRQHandler
                0x080021c8                SDMMC2_IRQHandler
                0x080021c8                UART7_IRQHandler
                0x080021c8                DFSDM1_FLT0_IRQHandler
                0x080021c8                I2C2_ER_IRQHandler
                0x080021c8                DMA2_Stream1_IRQHandler
                0x080021c8                CAN1_SCE_IRQHandler
                0x080021c8                FLASH_IRQHandler
                0x080021c8                DMA2_Stream4_IRQHandler
                0x080021c8                USART1_IRQHandler
                0x080021c8                OTG_FS_IRQHandler
                0x080021c8                SPI3_IRQHandler
                0x080021c8                DMA1_Stream4_IRQHandler
                0x080021c8                I2C1_ER_IRQHandler
                0x080021c8                FMC_IRQHandler
                0x080021c8                LPTIM1_IRQHandler
                0x080021c8                I2C4_ER_IRQHandler
                0x080021c8                DMA2_Stream6_IRQHandler
                0x080021c8                SAI1_IRQHandler
                0x080021c8                DMA1_Stream3_IRQHandler
 .text.HAL_Init
                0x080021ca       0x1a ./Drivers/STM32F7xx_HAL_Driver/Src/stm32f7xx_hal.o
                0x080021ca                HAL_Init
 .text.HAL_InitTick
                0x080021e4       0x60 ./Drivers/STM32F7xx_HAL_Driver/Src/stm32f7xx_hal.o
                0x080021e4                HAL_InitTick
 .text.HAL_IncTick
                0x08002244       0x28 ./Drivers/STM32F7xx_HAL_Driver/Src/stm32f7xx_hal.o
                0x08002244                HAL_IncTick
 .text.HAL_GetTick
                0x0800226c       0x18 ./Drivers/STM32F7xx_HAL_Driver/Src/stm32f7xx_hal.o
                0x0800226c                HAL_GetTick
 .text.HAL_Delay
                0x08002284       0x48 ./Drivers/STM32F7xx_HAL_Driver/Src/stm32f7xx_hal.o
                0x08002284                HAL_Delay
 .text.__NVIC_SetPriorityGrouping
                0x080022cc       0x48 ./Drivers/STM32F7xx_HAL_Driver/Src/stm32f7xx_hal_cortex.o
 .text.__NVIC_GetPriorityGrouping
                0x08002314       0x1c ./Drivers/STM32F7xx_HAL_Driver/Src/stm32f7xx_hal_cortex.o
 .text.__NVIC_EnableIRQ
                0x08002330       0x3c ./Drivers/STM32F7xx_HAL_Driver/Src/stm32f7xx_hal_cortex.o
 .text.__NVIC_SetPriority
                0x0800236c       0x54 ./Drivers/STM32F7xx_HAL_Driver/Src/stm32f7xx_hal_cortex.o
 .text.NVIC_EncodePriority
                0x080023c0       0x66 ./Drivers/STM32F7xx_HAL_Driver/Src/stm32f7xx_hal_cortex.o
 *fill*         0x08002426        0x2 
 .text.SysTick_Config
                0x08002428       0x44 ./Drivers/STM32F7xx_HAL_Driver/Src/stm32f7xx_hal_cortex.o
 .text.HAL_NVIC_SetPriorityGrouping
                0x0800246c       0x16 ./Drivers/STM32F7xx_HAL_Driver/Src/stm32f7xx_hal_cortex.o
                0x0800246c                HAL_NVIC_SetPriorityGrouping
 .text.HAL_NVIC_SetPriority
                0x08002482       0x38 ./Drivers/STM32F7xx_HAL_Driver/Src/stm32f7xx_hal_cortex.o
                0x08002482                HAL_NVIC_SetPriority
 .text.HAL_NVIC_EnableIRQ
                0x080024ba       0x1c ./Drivers/STM32F7xx_HAL_Driver/Src/stm32f7xx_hal_cortex.o
                0x080024ba                HAL_NVIC_EnableIRQ
 .text.HAL_SYSTICK_Config
                0x080024d6       0x18 ./Drivers/STM32F7xx_HAL_Driver/Src/stm32f7xx_hal_cortex.o
                0x080024d6                HAL_SYSTICK_Config
 *fill*         0x080024ee        0x2 
 .text.HAL_MPU_Disable
                0x080024f0       0x30 ./Drivers/STM32F7xx_HAL_Driver/Src/stm32f7xx_hal_cortex.o
                0x080024f0                HAL_MPU_Disable
 .text.HAL_MPU_Enable
                0x08002520       0x40 ./Drivers/STM32F7xx_HAL_Driver/Src/stm32f7xx_hal_cortex.o
                0x08002520                HAL_MPU_Enable
 .text.HAL_MPU_ConfigRegion
                0x08002560       0x80 ./Drivers/STM32F7xx_HAL_Driver/Src/stm32f7xx_hal_cortex.o
                0x08002560                HAL_MPU_ConfigRegion
 .text.HAL_DMA_Abort
                0x080025e0       0xe0 ./Drivers/STM32F7xx_HAL_Driver/Src/stm32f7xx_hal_dma.o
                0x080025e0                HAL_DMA_Abort
 .text.HAL_DMA_Abort_IT
                0x080026c0       0x44 ./Drivers/STM32F7xx_HAL_Driver/Src/stm32f7xx_hal_dma.o
                0x080026c0                HAL_DMA_Abort_IT
 .text.HAL_GPIO_Init
                0x08002704      0x358 ./Drivers/STM32F7xx_HAL_Driver/Src/stm32f7xx_hal_gpio.o
                0x08002704                HAL_GPIO_Init
 .text.HAL_GPIO_WritePin
                0x08002a5c       0x32 ./Drivers/STM32F7xx_HAL_Driver/Src/stm32f7xx_hal_gpio.o
                0x08002a5c                HAL_GPIO_WritePin
 *fill*         0x08002a8e        0x2 
 .text.HAL_GPIO_EXTI_IRQHandler
                0x08002a90       0x30 ./Drivers/STM32F7xx_HAL_Driver/Src/stm32f7xx_hal_gpio.o
                0x08002a90                HAL_GPIO_EXTI_IRQHandler
 .text.HAL_GPIO_EXTI_Callback
                0x08002ac0       0x16 ./Drivers/STM32F7xx_HAL_Driver/Src/stm32f7xx_hal_gpio.o
                0x08002ac0                HAL_GPIO_EXTI_Callback
 *fill*         0x08002ad6        0x2 
 .text.HAL_I2C_Init
                0x08002ad8      0x138 ./Drivers/STM32F7xx_HAL_Driver/Src/stm32f7xx_hal_i2c.o
                0x08002ad8                HAL_I2C_Init
 .text.HAL_I2C_Master_Transmit
                0x08002c10      0x230 ./Drivers/STM32F7xx_HAL_Driver/Src/stm32f7xx_hal_i2c.o
                0x08002c10                HAL_I2C_Master_Transmit
 .text.HAL_I2C_Mem_Read
                0x08002e40      0x234 ./Drivers/STM32F7xx_HAL_Driver/Src/stm32f7xx_hal_i2c.o
                0x08002e40                HAL_I2C_Mem_Read
 .text.I2C_RequestMemoryRead
                0x08003074       0xa8 ./Drivers/STM32F7xx_HAL_Driver/Src/stm32f7xx_hal_i2c.o
 .text.I2C_Flush_TXDR
                0x0800311c       0x48 ./Drivers/STM32F7xx_HAL_Driver/Src/stm32f7xx_hal_i2c.o
 .text.I2C_WaitOnFlagUntilTimeout
                0x08003164       0xb2 ./Drivers/STM32F7xx_HAL_Driver/Src/stm32f7xx_hal_i2c.o
 .text.I2C_WaitOnTXISFlagUntilTimeout
                0x08003216       0x8e ./Drivers/STM32F7xx_HAL_Driver/Src/stm32f7xx_hal_i2c.o
 .text.I2C_WaitOnSTOPFlagUntilTimeout
                0x080032a4       0x86 ./Drivers/STM32F7xx_HAL_Driver/Src/stm32f7xx_hal_i2c.o
 *fill*         0x0800332a        0x2 
 .text.I2C_IsErrorOccurred
                0x0800332c      0x1c0 ./Drivers/STM32F7xx_HAL_Driver/Src/stm32f7xx_hal_i2c.o
 .text.I2C_TransferConfig
                0x080034ec       0x64 ./Drivers/STM32F7xx_HAL_Driver/Src/stm32f7xx_hal_i2c.o
 .text.HAL_I2CEx_ConfigAnalogFilter
                0x08003550       0x96 ./Drivers/STM32F7xx_HAL_Driver/Src/stm32f7xx_hal_i2c_ex.o
                0x08003550                HAL_I2CEx_ConfigAnalogFilter
 .text.HAL_I2CEx_ConfigDigitalFilter
                0x080035e6       0x98 ./Drivers/STM32F7xx_HAL_Driver/Src/stm32f7xx_hal_i2c_ex.o
                0x080035e6                HAL_I2CEx_ConfigDigitalFilter
 *fill*         0x0800367e        0x2 
 .text.HAL_PWREx_EnableOverDrive
                0x08003680       0xa0 ./Drivers/STM32F7xx_HAL_Driver/Src/stm32f7xx_hal_pwr_ex.o
                0x08003680                HAL_PWREx_EnableOverDrive
 .text.HAL_RCC_OscConfig
                0x08003720      0x55c ./Drivers/STM32F7xx_HAL_Driver/Src/stm32f7xx_hal_rcc.o
                0x08003720                HAL_RCC_OscConfig
 .text.HAL_RCC_ClockConfig
                0x08003c7c      0x1d8 ./Drivers/STM32F7xx_HAL_Driver/Src/stm32f7xx_hal_rcc.o
                0x08003c7c                HAL_RCC_ClockConfig
 .text.HAL_RCC_GetSysClockFreq
                0x08003e54      0x18c ./Drivers/STM32F7xx_HAL_Driver/Src/stm32f7xx_hal_rcc.o
                0x08003e54                HAL_RCC_GetSysClockFreq
 .text.HAL_RCC_GetHCLKFreq
                0x08003fe0       0x18 ./Drivers/STM32F7xx_HAL_Driver/Src/stm32f7xx_hal_rcc.o
                0x08003fe0                HAL_RCC_GetHCLKFreq
 .text.HAL_RCC_GetPCLK1Freq
                0x08003ff8       0x28 ./Drivers/STM32F7xx_HAL_Driver/Src/stm32f7xx_hal_rcc.o
                0x08003ff8                HAL_RCC_GetPCLK1Freq
 .text.HAL_RCC_GetPCLK2Freq
                0x08004020       0x28 ./Drivers/STM32F7xx_HAL_Driver/Src/stm32f7xx_hal_rcc.o
                0x08004020                HAL_RCC_GetPCLK2Freq
 .text.HAL_RCCEx_PeriphCLKConfig
                0x08004048      0x850 ./Drivers/STM32F7xx_HAL_Driver/Src/stm32f7xx_hal_rcc_ex.o
                0x08004048                HAL_RCCEx_PeriphCLKConfig
 .text.HAL_TIM_Base_Init
                0x08004898       0xae ./Drivers/STM32F7xx_HAL_Driver/Src/stm32f7xx_hal_tim.o
                0x08004898                HAL_TIM_Base_Init
 *fill*         0x08004946        0x2 
 .text.HAL_TIM_Base_Start_IT
                0x08004948       0xf0 ./Drivers/STM32F7xx_HAL_Driver/Src/stm32f7xx_hal_tim.o
                0x08004948                HAL_TIM_Base_Start_IT
 .text.HAL_TIM_PWM_Init
                0x08004a38       0xae ./Drivers/STM32F7xx_HAL_Driver/Src/stm32f7xx_hal_tim.o
                0x08004a38                HAL_TIM_PWM_Init
 .text.HAL_TIM_IC_Init
                0x08004ae6       0xae ./Drivers/STM32F7xx_HAL_Driver/Src/stm32f7xx_hal_tim.o
                0x08004ae6                HAL_TIM_IC_Init
 .text.HAL_TIM_IC_MspInit
                0x08004b94       0x14 ./Drivers/STM32F7xx_HAL_Driver/Src/stm32f7xx_hal_tim.o
                0x08004b94                HAL_TIM_IC_MspInit
 .text.HAL_TIM_IC_Start_IT
                0x08004ba8      0x2a0 ./Drivers/STM32F7xx_HAL_Driver/Src/stm32f7xx_hal_tim.o
                0x08004ba8                HAL_TIM_IC_Start_IT
 .text.HAL_TIM_IRQHandler
                0x08004e48      0x20e ./Drivers/STM32F7xx_HAL_Driver/Src/stm32f7xx_hal_tim.o
                0x08004e48                HAL_TIM_IRQHandler
 .text.HAL_TIM_IC_ConfigChannel
                0x08005056      0x138 ./Drivers/STM32F7xx_HAL_Driver/Src/stm32f7xx_hal_tim.o
                0x08005056                HAL_TIM_IC_ConfigChannel
 *fill*         0x0800518e        0x2 
 .text.HAL_TIM_PWM_ConfigChannel
                0x08005190      0x228 ./Drivers/STM32F7xx_HAL_Driver/Src/stm32f7xx_hal_tim.o
                0x08005190                HAL_TIM_PWM_ConfigChannel
 .text.HAL_TIM_ConfigClockSource
                0x080053b8      0x194 ./Drivers/STM32F7xx_HAL_Driver/Src/stm32f7xx_hal_tim.o
                0x080053b8                HAL_TIM_ConfigClockSource
 .text.HAL_TIM_ReadCapturedValue
                0x0800554c       0x88 ./Drivers/STM32F7xx_HAL_Driver/Src/stm32f7xx_hal_tim.o
                0x0800554c                HAL_TIM_ReadCapturedValue
 .text.HAL_TIM_OC_DelayElapsedCallback
                0x080055d4       0x14 ./Drivers/STM32F7xx_HAL_Driver/Src/stm32f7xx_hal_tim.o
                0x080055d4                HAL_TIM_OC_DelayElapsedCallback
 .text.HAL_TIM_PWM_PulseFinishedCallback
                0x080055e8       0x14 ./Drivers/STM32F7xx_HAL_Driver/Src/stm32f7xx_hal_tim.o
                0x080055e8                HAL_TIM_PWM_PulseFinishedCallback
 .text.HAL_TIM_TriggerCallback
                0x080055fc       0x14 ./Drivers/STM32F7xx_HAL_Driver/Src/stm32f7xx_hal_tim.o
                0x080055fc                HAL_TIM_TriggerCallback
 .text.TIM_Base_SetConfig
                0x08005610      0x158 ./Drivers/STM32F7xx_HAL_Driver/Src/stm32f7xx_hal_tim.o
                0x08005610                TIM_Base_SetConfig
 .text.TIM_OC1_SetConfig
                0x08005768       0xe4 ./Drivers/STM32F7xx_HAL_Driver/Src/stm32f7xx_hal_tim.o
 .text.TIM_OC2_SetConfig
                0x0800584c       0xf0 ./Drivers/STM32F7xx_HAL_Driver/Src/stm32f7xx_hal_tim.o
                0x0800584c                TIM_OC2_SetConfig
 .text.TIM_OC3_SetConfig
                0x0800593c       0xec ./Drivers/STM32F7xx_HAL_Driver/Src/stm32f7xx_hal_tim.o
 .text.TIM_OC4_SetConfig
                0x08005a28       0xb0 ./Drivers/STM32F7xx_HAL_Driver/Src/stm32f7xx_hal_tim.o
 .text.TIM_OC5_SetConfig
                0x08005ad8       0xa4 ./Drivers/STM32F7xx_HAL_Driver/Src/stm32f7xx_hal_tim.o
 .text.TIM_OC6_SetConfig
                0x08005b7c       0xa8 ./Drivers/STM32F7xx_HAL_Driver/Src/stm32f7xx_hal_tim.o
 .text.TIM_TI1_SetConfig
                0x08005c24       0xe8 ./Drivers/STM32F7xx_HAL_Driver/Src/stm32f7xx_hal_tim.o
                0x08005c24                TIM_TI1_SetConfig
 .text.TIM_TI1_ConfigInputStage
                0x08005d0c       0x5e ./Drivers/STM32F7xx_HAL_Driver/Src/stm32f7xx_hal_tim.o
 .text.TIM_TI2_SetConfig
                0x08005d6a       0x7a ./Drivers/STM32F7xx_HAL_Driver/Src/stm32f7xx_hal_tim.o
 .text.TIM_TI2_ConfigInputStage
                0x08005de4       0x60 ./Drivers/STM32F7xx_HAL_Driver/Src/stm32f7xx_hal_tim.o
 .text.TIM_TI3_SetConfig
                0x08005e44       0x78 ./Drivers/STM32F7xx_HAL_Driver/Src/stm32f7xx_hal_tim.o
 .text.TIM_TI4_SetConfig
                0x08005ebc       0x7a ./Drivers/STM32F7xx_HAL_Driver/Src/stm32f7xx_hal_tim.o
 .text.TIM_ITRx_SetConfig
                0x08005f36       0x36 ./Drivers/STM32F7xx_HAL_Driver/Src/stm32f7xx_hal_tim.o
 .text.TIM_ETR_SetConfig
                0x08005f6c       0x40 ./Drivers/STM32F7xx_HAL_Driver/Src/stm32f7xx_hal_tim.o
                0x08005f6c                TIM_ETR_SetConfig
 .text.TIM_CCxChannelCmd
                0x08005fac       0x4a ./Drivers/STM32F7xx_HAL_Driver/Src/stm32f7xx_hal_tim.o
                0x08005fac                TIM_CCxChannelCmd
 *fill*         0x08005ff6        0x2 
 .text.HAL_TIMEx_MasterConfigSynchronization
                0x08005ff8      0x11c ./Drivers/STM32F7xx_HAL_Driver/Src/stm32f7xx_hal_tim_ex.o
                0x08005ff8                HAL_TIMEx_MasterConfigSynchronization
 .text.HAL_TIMEx_ConfigBreakDeadTime
                0x08006114       0xfc ./Drivers/STM32F7xx_HAL_Driver/Src/stm32f7xx_hal_tim_ex.o
                0x08006114                HAL_TIMEx_ConfigBreakDeadTime
 .text.HAL_TIMEx_CommutCallback
                0x08006210       0x14 ./Drivers/STM32F7xx_HAL_Driver/Src/stm32f7xx_hal_tim_ex.o
                0x08006210                HAL_TIMEx_CommutCallback
 .text.HAL_TIMEx_BreakCallback
                0x08006224       0x14 ./Drivers/STM32F7xx_HAL_Driver/Src/stm32f7xx_hal_tim_ex.o
                0x08006224                HAL_TIMEx_BreakCallback
 .text.HAL_TIMEx_Break2Callback
                0x08006238       0x14 ./Drivers/STM32F7xx_HAL_Driver/Src/stm32f7xx_hal_tim_ex.o
                0x08006238                HAL_TIMEx_Break2Callback
 .text.HAL_UART_Init
                0x0800624c       0x9c ./Drivers/STM32F7xx_HAL_Driver/Src/stm32f7xx_hal_uart.o
                0x0800624c                HAL_UART_Init
 .text.HAL_UART_Transmit_IT
                0x080062e8       0xbc ./Drivers/STM32F7xx_HAL_Driver/Src/stm32f7xx_hal_uart.o
                0x080062e8                HAL_UART_Transmit_IT
 .text.HAL_UART_Receive_IT
                0x080063a4       0x88 ./Drivers/STM32F7xx_HAL_Driver/Src/stm32f7xx_hal_uart.o
                0x080063a4                HAL_UART_Receive_IT
 .text.HAL_UART_IRQHandler
                0x0800642c      0x5d0 ./Drivers/STM32F7xx_HAL_Driver/Src/stm32f7xx_hal_uart.o
                0x0800642c                HAL_UART_IRQHandler
 .text.HAL_UART_ErrorCallback
                0x080069fc       0x14 ./Drivers/STM32F7xx_HAL_Driver/Src/stm32f7xx_hal_uart.o
                0x080069fc                HAL_UART_ErrorCallback
 .text.HAL_UARTEx_RxEventCallback
                0x08006a10       0x18 ./Drivers/STM32F7xx_HAL_Driver/Src/stm32f7xx_hal_uart.o
                0x08006a10                HAL_UARTEx_RxEventCallback
 .text.HAL_UARTEx_WakeupCallback
                0x08006a28       0x14 ./Drivers/STM32F7xx_HAL_Driver/Src/stm32f7xx_hal_uart.o
                0x08006a28                HAL_UARTEx_WakeupCallback
 .text.UART_SetConfig
                0x08006a3c      0x4c8 ./Drivers/STM32F7xx_HAL_Driver/Src/stm32f7xx_hal_uart.o
                0x08006a3c                UART_SetConfig
 .text.UART_AdvFeatureConfig
                0x08006f04      0x144 ./Drivers/STM32F7xx_HAL_Driver/Src/stm32f7xx_hal_uart.o
                0x08006f04                UART_AdvFeatureConfig
 .text.UART_CheckIdleState
                0x08007048      0x150 ./Drivers/STM32F7xx_HAL_Driver/Src/stm32f7xx_hal_uart.o
                0x08007048                UART_CheckIdleState
 .text.UART_WaitOnFlagUntilTimeout
                0x08007198       0xda ./Drivers/STM32F7xx_HAL_Driver/Src/stm32f7xx_hal_uart.o
                0x08007198                UART_WaitOnFlagUntilTimeout
 *fill*         0x08007272        0x2 
 .text.UART_Start_Receive_IT
                0x08007274      0x18c ./Drivers/STM32F7xx_HAL_Driver/Src/stm32f7xx_hal_uart.o
                0x08007274                UART_Start_Receive_IT
 .text.UART_EndRxTransfer
                0x08007400       0xc8 ./Drivers/STM32F7xx_HAL_Driver/Src/stm32f7xx_hal_uart.o
 .text.UART_DMAAbortOnError
                0x080074c8       0x2c ./Drivers/STM32F7xx_HAL_Driver/Src/stm32f7xx_hal_uart.o
 .text.UART_TxISR_8BIT
                0x080074f4       0xb6 ./Drivers/STM32F7xx_HAL_Driver/Src/stm32f7xx_hal_uart.o
 .text.UART_TxISR_16BIT
                0x080075aa       0xc0 ./Drivers/STM32F7xx_HAL_Driver/Src/stm32f7xx_hal_uart.o
 .text.UART_EndTransmit_IT
                0x0800766a       0x54 ./Drivers/STM32F7xx_HAL_Driver/Src/stm32f7xx_hal_uart.o
 .text.UART_RxISR_8BIT
                0x080076be      0x1a8 ./Drivers/STM32F7xx_HAL_Driver/Src/stm32f7xx_hal_uart.o
 .text.UART_RxISR_16BIT
                0x08007866      0x1a8 ./Drivers/STM32F7xx_HAL_Driver/Src/stm32f7xx_hal_uart.o
 .text.memset   0x08007a0e       0x10 C:/ST/STM32CubeIDE_1.18.0/STM32CubeIDE/plugins/com.st.stm32cube.ide.mcu.externaltools.gnu-tools-for-stm32.13.3.rel1.win32_1.0.0.202411081344/tools/bin/../lib/gcc/arm-none-eabi/13.3.1/../../../../arm-none-eabi/lib/thumb/v7e-m+dp/hard\libc_nano.a(libc_a-memset.o)
                0x08007a0e                memset
 .text.strstr   0x08007a1e       0x2c C:/ST/STM32CubeIDE_1.18.0/STM32CubeIDE/plugins/com.st.stm32cube.ide.mcu.externaltools.gnu-tools-for-stm32.13.3.rel1.win32_1.0.0.202411081344/tools/bin/../lib/gcc/arm-none-eabi/13.3.1/../../../../arm-none-eabi/lib/thumb/v7e-m+dp/hard\libc_nano.a(libc_a-strstr.o)
                0x08007a1e                strstr
 *fill*         0x08007a4a        0x2 
 .text.__libc_init_array
                0x08007a4c       0x48 C:/ST/STM32CubeIDE_1.18.0/STM32CubeIDE/plugins/com.st.stm32cube.ide.mcu.externaltools.gnu-tools-for-stm32.13.3.rel1.win32_1.0.0.202411081344/tools/bin/../lib/gcc/arm-none-eabi/13.3.1/../../../../arm-none-eabi/lib/thumb/v7e-m+dp/hard\libc_nano.a(libc_a-init.o)
                0x08007a4c                __libc_init_array
 *(.glue_7)
 .glue_7        0x08007a94        0x0 linker stubs
 *(.glue_7t)
 .glue_7t       0x08007a94        0x0 linker stubs
 *(.eh_frame)
 .eh_frame      0x08007a94        0x0 C:/ST/STM32CubeIDE_1.18.0/STM32CubeIDE/plugins/com.st.stm32cube.ide.mcu.externaltools.gnu-tools-for-stm32.13.3.rel1.win32_1.0.0.202411081344/tools/bin/../lib/gcc/arm-none-eabi/13.3.1/thumb/v7e-m+dp/hard/crtbegin.o
 *(.init)
 .init          0x08007a94        0x4 C:/ST/STM32CubeIDE_1.18.0/STM32CubeIDE/plugins/com.st.stm32cube.ide.mcu.externaltools.gnu-tools-for-stm32.13.3.rel1.win32_1.0.0.202411081344/tools/bin/../lib/gcc/arm-none-eabi/13.3.1/thumb/v7e-m+dp/hard/crti.o
                0x08007a94                _init
 .init          0x08007a98        0x8 C:/ST/STM32CubeIDE_1.18.0/STM32CubeIDE/plugins/com.st.stm32cube.ide.mcu.externaltools.gnu-tools-for-stm32.13.3.rel1.win32_1.0.0.202411081344/tools/bin/../lib/gcc/arm-none-eabi/13.3.1/thumb/v7e-m+dp/hard/crtn.o
 *(.fini)
 .fini          0x08007aa0        0x4 C:/ST/STM32CubeIDE_1.18.0/STM32CubeIDE/plugins/com.st.stm32cube.ide.mcu.externaltools.gnu-tools-for-stm32.13.3.rel1.win32_1.0.0.202411081344/tools/bin/../lib/gcc/arm-none-eabi/13.3.1/thumb/v7e-m+dp/hard/crti.o
                0x08007aa0                _fini
 .fini          0x08007aa4        0x8 C:/ST/STM32CubeIDE_1.18.0/STM32CubeIDE/plugins/com.st.stm32cube.ide.mcu.externaltools.gnu-tools-for-stm32.13.3.rel1.win32_1.0.0.202411081344/tools/bin/../lib/gcc/arm-none-eabi/13.3.1/thumb/v7e-m+dp/hard/crtn.o
                0x08007aac                        . = ALIGN (0x4)
                0x08007aac                        _etext = .

.vfp11_veneer   0x08007aac        0x0
 .vfp11_veneer  0x08007aac        0x0 linker stubs

.v4_bx          0x08007aac        0x0
 .v4_bx         0x08007aac        0x0 linker stubs

.iplt           0x08007aac        0x0
 .iplt          0x08007aac        0x0 C:/ST/STM32CubeIDE_1.18.0/STM32CubeIDE/plugins/com.st.stm32cube.ide.mcu.externaltools.gnu-tools-for-stm32.13.3.rel1.win32_1.0.0.202411081344/tools/bin/../lib/gcc/arm-none-eabi/13.3.1/thumb/v7e-m+dp/hard/crtbegin.o

.rodata         0x08007aac       0x2c
                0x08007aac                        . = ALIGN (0x4)
 *(.rodata)
 .rodata        0x08007aac       0x14 ./Core/Src/main.o
 *(.rodata*)
 .rodata.AHBPrescTable
                0x08007ac0       0x10 ./Core/Src/system_stm32f7xx.o
                0x08007ac0                AHBPrescTable
 .rodata.APBPrescTable
                0x08007ad0        0x8 ./Core/Src/system_stm32f7xx.o
                0x08007ad0                APBPrescTable
                0x08007ad8                        . = ALIGN (0x4)

.ARM.extab      0x08007ad8        0x0
                0x08007ad8                        . = ALIGN (0x4)
 *(.ARM.extab* .gnu.linkonce.armextab.*)
                0x08007ad8                        . = ALIGN (0x4)

.ARM            0x08007ad8        0x8
                0x08007ad8                        . = ALIGN (0x4)
                0x08007ad8                        __exidx_start = .
 *(.ARM.exidx*)
 .ARM.exidx     0x08007ad8        0x8 C:/ST/STM32CubeIDE_1.18.0/STM32CubeIDE/plugins/com.st.stm32cube.ide.mcu.externaltools.gnu-tools-for-stm32.13.3.rel1.win32_1.0.0.202411081344/tools/bin/../lib/gcc/arm-none-eabi/13.3.1/thumb/v7e-m+dp/hard\libgcc.a(_udivmoddi4.o)
                0x08007ae0                        __exidx_end = .
                0x08007ae0                        . = ALIGN (0x4)

.preinit_array  0x08007ae0        0x0
                0x08007ae0                        . = ALIGN (0x4)
                0x08007ae0                        PROVIDE (__preinit_array_start = .)
 *(.preinit_array*)
                0x08007ae0                        PROVIDE (__preinit_array_end = .)
                0x08007ae0                        . = ALIGN (0x4)

.init_array     0x08007ae0        0x4
                0x08007ae0                        . = ALIGN (0x4)
                0x08007ae0                        PROVIDE (__init_array_start = .)
 *(SORT_BY_NAME(.init_array.*))
 *(.init_array*)
 .init_array    0x08007ae0        0x4 C:/ST/STM32CubeIDE_1.18.0/STM32CubeIDE/plugins/com.st.stm32cube.ide.mcu.externaltools.gnu-tools-for-stm32.13.3.rel1.win32_1.0.0.202411081344/tools/bin/../lib/gcc/arm-none-eabi/13.3.1/thumb/v7e-m+dp/hard/crtbegin.o
                0x08007ae4                        PROVIDE (__init_array_end = .)
                0x08007ae4                        . = ALIGN (0x4)

.fini_array     0x08007ae4        0x4
                0x08007ae4                        . = ALIGN (0x4)
                [!provide]                        PROVIDE (__fini_array_start = .)
 *(SORT_BY_NAME(.fini_array.*))
 *(.fini_array*)
 .fini_array    0x08007ae4        0x4 C:/ST/STM32CubeIDE_1.18.0/STM32CubeIDE/plugins/com.st.stm32cube.ide.mcu.externaltools.gnu-tools-for-stm32.13.3.rel1.win32_1.0.0.202411081344/tools/bin/../lib/gcc/arm-none-eabi/13.3.1/thumb/v7e-m+dp/hard/crtbegin.o
                [!provide]                        PROVIDE (__fini_array_end = .)
                0x08007ae8                        . = ALIGN (0x4)
                0x08007ae8                        _sidata = LOADADDR (.data)

.rel.dyn        0x08007ae8        0x0
 .rel.iplt      0x08007ae8        0x0 C:/ST/STM32CubeIDE_1.18.0/STM32CubeIDE/plugins/com.st.stm32cube.ide.mcu.externaltools.gnu-tools-for-stm32.13.3.rel1.win32_1.0.0.202411081344/tools/bin/../lib/gcc/arm-none-eabi/13.3.1/thumb/v7e-m+dp/hard/crtbegin.o

.data           0x20000000       0x30 load address 0x08007ae8
                0x20000000                        . = ALIGN (0x4)
                0x20000000                        _sdata = .
 *(.data)
 *(.data*)
 .data.Gbw      0x20000000        0x1 ./Core/Src/accel.o
                0x20000000                Gbw
 .data.Ascale   0x20000001        0x1 ./Core/Src/accel.o
                0x20000001                Ascale
 .data.Abw      0x20000002        0x1 ./Core/Src/accel.o
                0x20000002                Abw
 .data.MOpMode  0x20000003        0x1 ./Core/Src/accel.o
                0x20000003                MOpMode
 .data.Modr     0x20000004        0x1 ./Core/Src/accel.o
                0x20000004                Modr
 .data.OPRMode  0x20000005        0x1 ./Core/Src/accel.o
                0x20000005                OPRMode
 *fill*         0x20000006        0x2 
 .data.ready_confirm_string
                0x20000008        0x6 ./Core/Src/main.o
                0x20000008                ready_confirm_string
 *fill*         0x2000000e        0x2 
 .data.move_success_string
                0x20000010        0x6 ./Core/Src/main.o
                0x20000010                move_success_string
 *fill*         0x20000016        0x2 
 .data.move_fail_string
                0x20000018        0x6 ./Core/Src/main.o
                0x20000018                move_fail_string
 *fill*         0x2000001e        0x2 
 .data.distance_threshold
                0x20000020        0x4 ./Core/Src/main.o
                0x20000020                distance_threshold
 .data.SystemCoreClock
                0x20000024        0x4 ./Core/Src/system_stm32f7xx.o
                0x20000024                SystemCoreClock
 .data.uwTickPrio
                0x20000028        0x4 ./Drivers/STM32F7xx_HAL_Driver/Src/stm32f7xx_hal.o
                0x20000028                uwTickPrio
 .data.uwTickFreq
                0x2000002c        0x1 ./Drivers/STM32F7xx_HAL_Driver/Src/stm32f7xx_hal.o
                0x2000002c                uwTickFreq
 *(.RamFunc)
 *(.RamFunc*)
                0x20000030                        . = ALIGN (0x4)
 *fill*         0x2000002d        0x3 
                0x20000030                        _edata = .

.igot.plt       0x20000030        0x0 load address 0x08007b18
 .igot.plt      0x20000030        0x0 C:/ST/STM32CubeIDE_1.18.0/STM32CubeIDE/plugins/com.st.stm32cube.ide.mcu.externaltools.gnu-tools-for-stm32.13.3.rel1.win32_1.0.0.202411081344/tools/bin/../lib/gcc/arm-none-eabi/13.3.1/thumb/v7e-m+dp/hard/crtbegin.o
                0x20000030                        . = ALIGN (0x4)

.bss            0x20000030      0x374 load address 0x08007b18
                0x20000030                        _sbss = .
                0x20000030                        __bss_start__ = _sbss
 *(.bss)
 .bss           0x20000030       0x1c C:/ST/STM32CubeIDE_1.18.0/STM32CubeIDE/plugins/com.st.stm32cube.ide.mcu.externaltools.gnu-tools-for-stm32.13.3.rel1.win32_1.0.0.202411081344/tools/bin/../lib/gcc/arm-none-eabi/13.3.1/thumb/v7e-m+dp/hard/crtbegin.o
 *(.bss*)
 .bss.GPwrMode  0x2000004c        0x1 ./Core/Src/accel.o
                0x2000004c                GPwrMode
 .bss.Gscale    0x2000004d        0x1 ./Core/Src/accel.o
                0x2000004d                Gscale
 .bss.APwrMode  0x2000004e        0x1 ./Core/Src/accel.o
                0x2000004e                APwrMode
 .bss.MPwrMode  0x2000004f        0x1 ./Core/Src/accel.o
                0x2000004f                MPwrMode
 .bss.PWRMode   0x20000050        0x1 ./Core/Src/accel.o
                0x20000050                PWRMode
 *fill*         0x20000051        0x3 
 .bss.hi2c1     0x20000054       0x54 ./Core/Src/main.o
                0x20000054                hi2c1
 .bss.hi2c2     0x200000a8       0x54 ./Core/Src/main.o
                0x200000a8                hi2c2
 .bss.htim1     0x200000fc       0x4c ./Core/Src/main.o
                0x200000fc                htim1
 .bss.htim2     0x20000148       0x4c ./Core/Src/main.o
                0x20000148                htim2
 .bss.htim3     0x20000194       0x4c ./Core/Src/main.o
                0x20000194                htim3
 .bss.htim4     0x200001e0       0x4c ./Core/Src/main.o
                0x200001e0                htim4
 .bss.htim8     0x2000022c       0x4c ./Core/Src/main.o
                0x2000022c                htim8
 .bss.htim9     0x20000278       0x4c ./Core/Src/main.o
                0x20000278                htim9
 .bss.huart2    0x200002c4       0x88 ./Core/Src/main.o
                0x200002c4                huart2
 .bss.base_rx_buffer
                0x2000034c        0x8 ./Core/Src/main.o
                0x2000034c                base_rx_buffer
 .bss.base_tx_buffer
                0x20000354        0x8 ./Core/Src/main.o
                0x20000354                base_tx_buffer
 .bss.base_state
                0x2000035c        0x1 ./Core/Src/main.o
                0x2000035c                base_state
 *fill*         0x2000035d        0x3 
 .bss.idx       0x20000360        0x4 ./Core/Src/main.o
                0x20000360                idx
 .bss.val1      0x20000364        0x4 ./Core/Src/main.o
                0x20000364                val1
 .bss.val2      0x20000368        0x4 ./Core/Src/main.o
                0x20000368                val2
 .bss.distance  0x2000036c       0x10 ./Core/Src/main.o
                0x2000036c                distance
 .bss.is_first_captured
                0x2000037c        0x1 ./Core/Src/main.o
                0x2000037c                is_first_captured
 *fill*         0x2000037d        0x3 
 .bss.detection_status
                0x20000380        0x6 ./Core/Src/main.o
                0x20000380                detection_status
 *fill*         0x20000386        0x2 
 .bss.imu_readings
                0x20000388        0xa ./Core/Src/main.o
                0x20000388                imu_readings
 .bss.euler_heading_raw
                0x20000392        0x2 ./Core/Src/main.o
                0x20000392                euler_heading_raw
 .bss.tide_angle
                0x20000394        0x4 ./Core/Src/main.o
                0x20000394                tide_angle
 .bss.tim9_counter
                0x20000398        0x4 ./Core/Src/main.o
                0x20000398                tim9_counter
 .bss.ic_overrun
                0x2000039c        0x4 ./Core/Src/main.o
                0x2000039c                ic_overrun
 .bss.uwTick    0x200003a0        0x4 ./Drivers/STM32F7xx_HAL_Driver/Src/stm32f7xx_hal.o
                0x200003a0                uwTick
 *(COMMON)
                0x200003a4                        . = ALIGN (0x4)
                0x200003a4                        _ebss = .
                0x200003a4                        __bss_end__ = _ebss

._user_heap_stack
                0x200003a4      0x604 load address 0x08007b18
                0x200003a8                        . = ALIGN (0x8)
 *fill*         0x200003a4        0x4 
                [!provide]                        PROVIDE (end = .)
                0x200003a8                        PROVIDE (_end = .)
                0x200005a8                        . = (. + _Min_Heap_Size)
 *fill*         0x200003a8      0x200 
                0x200009a8                        . = (. + _Min_Stack_Size)
 *fill*         0x200005a8      0x400 
                0x200009a8                        . = ALIGN (0x8)

/DISCARD/
 libc.a(*)
 libm.a(*)
 libgcc.a(*)

.ARM.attributes
                0x00000000       0x2e
 *(.ARM.attributes)
 .ARM.attributes
                0x00000000       0x20 C:/ST/STM32CubeIDE_1.18.0/STM32CubeIDE/plugins/com.st.stm32cube.ide.mcu.externaltools.gnu-tools-for-stm32.13.3.rel1.win32_1.0.0.202411081344/tools/bin/../lib/gcc/arm-none-eabi/13.3.1/thumb/v7e-m+dp/hard/crti.o
 .ARM.attributes
                0x00000020       0x32 C:/ST/STM32CubeIDE_1.18.0/STM32CubeIDE/plugins/com.st.stm32cube.ide.mcu.externaltools.gnu-tools-for-stm32.13.3.rel1.win32_1.0.0.202411081344/tools/bin/../lib/gcc/arm-none-eabi/13.3.1/thumb/v7e-m+dp/hard/crtbegin.o
 .ARM.attributes
                0x00000052       0x32 ./Core/Src/accel.o
 .ARM.attributes
                0x00000084       0x32 ./Core/Src/i2c-lcd.o
 .ARM.attributes
                0x000000b6       0x32 ./Core/Src/main.o
 .ARM.attributes
                0x000000e8       0x32 ./Core/Src/stm32f7xx_hal_msp.o
 .ARM.attributes
                0x0000011a       0x32 ./Core/Src/stm32f7xx_it.o
 .ARM.attributes
                0x0000014c       0x32 ./Core/Src/system_stm32f7xx.o
 .ARM.attributes
                0x0000017e       0x21 ./Core/Startup/startup_stm32f767zitx.o
 .ARM.attributes
                0x0000019f       0x32 ./Drivers/STM32F7xx_HAL_Driver/Src/stm32f7xx_hal.o
 .ARM.attributes
                0x000001d1       0x32 ./Drivers/STM32F7xx_HAL_Driver/Src/stm32f7xx_hal_cortex.o
 .ARM.attributes
                0x00000203       0x32 ./Drivers/STM32F7xx_HAL_Driver/Src/stm32f7xx_hal_dma.o
 .ARM.attributes
                0x00000235       0x32 ./Drivers/STM32F7xx_HAL_Driver/Src/stm32f7xx_hal_gpio.o
 .ARM.attributes
                0x00000267       0x32 ./Drivers/STM32F7xx_HAL_Driver/Src/stm32f7xx_hal_i2c.o
 .ARM.attributes
                0x00000299       0x32 ./Drivers/STM32F7xx_HAL_Driver/Src/stm32f7xx_hal_i2c_ex.o
 .ARM.attributes
                0x000002cb       0x32 ./Drivers/STM32F7xx_HAL_Driver/Src/stm32f7xx_hal_pwr_ex.o
 .ARM.attributes
                0x000002fd       0x32 ./Drivers/STM32F7xx_HAL_Driver/Src/stm32f7xx_hal_rcc.o
 .ARM.attributes
                0x0000032f       0x32 ./Drivers/STM32F7xx_HAL_Driver/Src/stm32f7xx_hal_rcc_ex.o
 .ARM.attributes
                0x00000361       0x32 ./Drivers/STM32F7xx_HAL_Driver/Src/stm32f7xx_hal_tim.o
 .ARM.attributes
                0x00000393       0x32 ./Drivers/STM32F7xx_HAL_Driver/Src/stm32f7xx_hal_tim_ex.o
 .ARM.attributes
                0x000003c5       0x32 ./Drivers/STM32F7xx_HAL_Driver/Src/stm32f7xx_hal_uart.o
 .ARM.attributes
                0x000003f7       0x32 C:/ST/STM32CubeIDE_1.18.0/STM32CubeIDE/plugins/com.st.stm32cube.ide.mcu.externaltools.gnu-tools-for-stm32.13.3.rel1.win32_1.0.0.202411081344/tools/bin/../lib/gcc/arm-none-eabi/13.3.1/../../../../arm-none-eabi/lib/thumb/v7e-m+dp/hard\libc_nano.a(libc_a-memset.o)
 .ARM.attributes
                0x00000429       0x32 C:/ST/STM32CubeIDE_1.18.0/STM32CubeIDE/plugins/com.st.stm32cube.ide.mcu.externaltools.gnu-tools-for-stm32.13.3.rel1.win32_1.0.0.202411081344/tools/bin/../lib/gcc/arm-none-eabi/13.3.1/../../../../arm-none-eabi/lib/thumb/v7e-m+dp/hard\libc_nano.a(libc_a-strstr.o)
 .ARM.attributes
                0x0000045b       0x32 C:/ST/STM32CubeIDE_1.18.0/STM32CubeIDE/plugins/com.st.stm32cube.ide.mcu.externaltools.gnu-tools-for-stm32.13.3.rel1.win32_1.0.0.202411081344/tools/bin/../lib/gcc/arm-none-eabi/13.3.1/../../../../arm-none-eabi/lib/thumb/v7e-m+dp/hard\libc_nano.a(libc_a-init.o)
 .ARM.attributes
                0x0000048d       0x20 C:/ST/STM32CubeIDE_1.18.0/STM32CubeIDE/plugins/com.st.stm32cube.ide.mcu.externaltools.gnu-tools-for-stm32.13.3.rel1.win32_1.0.0.202411081344/tools/bin/../lib/gcc/arm-none-eabi/13.3.1/thumb/v7e-m+dp/hard\libgcc.a(_aeabi_uldivmod.o)
 .ARM.attributes
                0x000004ad       0x32 C:/ST/STM32CubeIDE_1.18.0/STM32CubeIDE/plugins/com.st.stm32cube.ide.mcu.externaltools.gnu-tools-for-stm32.13.3.rel1.win32_1.0.0.202411081344/tools/bin/../lib/gcc/arm-none-eabi/13.3.1/thumb/v7e-m+dp/hard\libgcc.a(_udivmoddi4.o)
 .ARM.attributes
                0x000004df       0x20 C:/ST/STM32CubeIDE_1.18.0/STM32CubeIDE/plugins/com.st.stm32cube.ide.mcu.externaltools.gnu-tools-for-stm32.13.3.rel1.win32_1.0.0.202411081344/tools/bin/../lib/gcc/arm-none-eabi/13.3.1/thumb/v7e-m+dp/hard\libgcc.a(_dvmd_tls.o)
 .ARM.attributes
                0x000004ff       0x20 C:/ST/STM32CubeIDE_1.18.0/STM32CubeIDE/plugins/com.st.stm32cube.ide.mcu.externaltools.gnu-tools-for-stm32.13.3.rel1.win32_1.0.0.202411081344/tools/bin/../lib/gcc/arm-none-eabi/13.3.1/thumb/v7e-m+dp/hard/crtn.o
OUTPUT(robot.elf elf32-littlearm)
LOAD linker stubs
LOAD C:/ST/STM32CubeIDE_1.18.0/STM32CubeIDE/plugins/com.st.stm32cube.ide.mcu.externaltools.gnu-tools-for-stm32.13.3.rel1.win32_1.0.0.202411081344/tools/bin/../lib/gcc/arm-none-eabi/13.3.1/../../../../arm-none-eabi/lib/thumb/v7e-m+dp/hard\libc.a
LOAD C:/ST/STM32CubeIDE_1.18.0/STM32CubeIDE/plugins/com.st.stm32cube.ide.mcu.externaltools.gnu-tools-for-stm32.13.3.rel1.win32_1.0.0.202411081344/tools/bin/../lib/gcc/arm-none-eabi/13.3.1/../../../../arm-none-eabi/lib/thumb/v7e-m+dp/hard\libm.a
LOAD C:/ST/STM32CubeIDE_1.18.0/STM32CubeIDE/plugins/com.st.stm32cube.ide.mcu.externaltools.gnu-tools-for-stm32.13.3.rel1.win32_1.0.0.202411081344/tools/bin/../lib/gcc/arm-none-eabi/13.3.1/thumb/v7e-m+dp/hard\libgcc.a

.debug_info     0x00000000    0x14cda
 .debug_info    0x00000000      0xda0 ./Core/Src/accel.o
 .debug_info    0x00000da0      0x7b0 ./Core/Src/i2c-lcd.o
 .debug_info    0x00001550     0x224b ./Core/Src/main.o
 .debug_info    0x0000379b     0x1921 ./Core/Src/stm32f7xx_hal_msp.o
 .debug_info    0x000050bc      0xb64 ./Core/Src/stm32f7xx_it.o
 .debug_info    0x00005c20      0x6ed ./Core/Src/system_stm32f7xx.o
 .debug_info    0x0000630d       0x30 ./Core/Startup/startup_stm32f767zitx.o
 .debug_info    0x0000633d      0xa4c ./Drivers/STM32F7xx_HAL_Driver/Src/stm32f7xx_hal.o
 .debug_info    0x00006d89      0xfc0 ./Drivers/STM32F7xx_HAL_Driver/Src/stm32f7xx_hal_cortex.o
 .debug_info    0x00007d49      0x8e7 ./Drivers/STM32F7xx_HAL_Driver/Src/stm32f7xx_hal_dma.o
 .debug_info    0x00008630      0x6f3 ./Drivers/STM32F7xx_HAL_Driver/Src/stm32f7xx_hal_gpio.o
 .debug_info    0x00008d23     0x2138 ./Drivers/STM32F7xx_HAL_Driver/Src/stm32f7xx_hal_i2c.o
 .debug_info    0x0000ae5b      0x92e ./Drivers/STM32F7xx_HAL_Driver/Src/stm32f7xx_hal_i2c_ex.o
 .debug_info    0x0000b789      0x8cd ./Drivers/STM32F7xx_HAL_Driver/Src/stm32f7xx_hal_pwr_ex.o
 .debug_info    0x0000c056      0x937 ./Drivers/STM32F7xx_HAL_Driver/Src/stm32f7xx_hal_rcc.o
 .debug_info    0x0000c98d      0x6e1 ./Drivers/STM32F7xx_HAL_Driver/Src/stm32f7xx_hal_rcc_ex.o
 .debug_info    0x0000d06e     0x2ad5 ./Drivers/STM32F7xx_HAL_Driver/Src/stm32f7xx_hal_tim.o
 .debug_info    0x0000fb43     0x16bb ./Drivers/STM32F7xx_HAL_Driver/Src/stm32f7xx_hal_tim_ex.o
 .debug_info    0x000111fe     0x3adc ./Drivers/STM32F7xx_HAL_Driver/Src/stm32f7xx_hal_uart.o

.debug_abbrev   0x00000000     0x2947
 .debug_abbrev  0x00000000      0x245 ./Core/Src/accel.o
 .debug_abbrev  0x00000245      0x1f7 ./Core/Src/i2c-lcd.o
 .debug_abbrev  0x0000043c      0x3ad ./Core/Src/main.o
 .debug_abbrev  0x000007e9      0x271 ./Core/Src/stm32f7xx_hal_msp.o
 .debug_abbrev  0x00000a5a      0x1cc ./Core/Src/stm32f7xx_it.o
 .debug_abbrev  0x00000c26      0x13b ./Core/Src/system_stm32f7xx.o
 .debug_abbrev  0x00000d61       0x24 ./Core/Startup/startup_stm32f767zitx.o
 .debug_abbrev  0x00000d85      0x213 ./Drivers/STM32F7xx_HAL_Driver/Src/stm32f7xx_hal.o
 .debug_abbrev  0x00000f98      0x31e ./Drivers/STM32F7xx_HAL_Driver/Src/stm32f7xx_hal_cortex.o
 .debug_abbrev  0x000012b6      0x264 ./Drivers/STM32F7xx_HAL_Driver/Src/stm32f7xx_hal_dma.o
 .debug_abbrev  0x0000151a      0x1d4 ./Drivers/STM32F7xx_HAL_Driver/Src/stm32f7xx_hal_gpio.o
 .debug_abbrev  0x000016ee      0x260 ./Drivers/STM32F7xx_HAL_Driver/Src/stm32f7xx_hal_i2c.o
 .debug_abbrev  0x0000194e      0x19c ./Drivers/STM32F7xx_HAL_Driver/Src/stm32f7xx_hal_i2c_ex.o
 .debug_abbrev  0x00001aea      0x1d5 ./Drivers/STM32F7xx_HAL_Driver/Src/stm32f7xx_hal_pwr_ex.o
 .debug_abbrev  0x00001cbf      0x2de ./Drivers/STM32F7xx_HAL_Driver/Src/stm32f7xx_hal_rcc.o
 .debug_abbrev  0x00001f9d      0x1c9 ./Drivers/STM32F7xx_HAL_Driver/Src/stm32f7xx_hal_rcc_ex.o
 .debug_abbrev  0x00002166      0x278 ./Drivers/STM32F7xx_HAL_Driver/Src/stm32f7xx_hal_tim.o
 .debug_abbrev  0x000023de      0x283 ./Drivers/STM32F7xx_HAL_Driver/Src/stm32f7xx_hal_tim_ex.o
 .debug_abbrev  0x00002661      0x2e6 ./Drivers/STM32F7xx_HAL_Driver/Src/stm32f7xx_hal_uart.o

.debug_aranges  0x00000000     0x11b8
 .debug_aranges
                0x00000000       0x58 ./Core/Src/accel.o
 .debug_aranges
                0x00000058       0x48 ./Core/Src/i2c-lcd.o
 .debug_aranges
                0x000000a0       0xe8 ./Core/Src/main.o
 .debug_aranges
                0x00000188       0x68 ./Core/Src/stm32f7xx_hal_msp.o
 .debug_aranges
                0x000001f0       0x98 ./Core/Src/stm32f7xx_it.o
 .debug_aranges
                0x00000288       0x28 ./Core/Src/system_stm32f7xx.o
 .debug_aranges
                0x000002b0       0x28 ./Core/Startup/startup_stm32f767zitx.o
 .debug_aranges
                0x000002d8      0x110 ./Drivers/STM32F7xx_HAL_Driver/Src/stm32f7xx_hal.o
 .debug_aranges
                0x000003e8      0x128 ./Drivers/STM32F7xx_HAL_Driver/Src/stm32f7xx_hal_cortex.o
 .debug_aranges
                0x00000510       0x90 ./Drivers/STM32F7xx_HAL_Driver/Src/stm32f7xx_hal_dma.o
 .debug_aranges
                0x000005a0       0x58 ./Drivers/STM32F7xx_HAL_Driver/Src/stm32f7xx_hal_gpio.o
 .debug_aranges
                0x000005f8      0x2a0 ./Drivers/STM32F7xx_HAL_Driver/Src/stm32f7xx_hal_i2c.o
 .debug_aranges
                0x00000898       0x38 ./Drivers/STM32F7xx_HAL_Driver/Src/stm32f7xx_hal_i2c_ex.o
 .debug_aranges
                0x000008d0       0x80 ./Drivers/STM32F7xx_HAL_Driver/Src/stm32f7xx_hal_pwr_ex.o
 .debug_aranges
                0x00000950       0x88 ./Drivers/STM32F7xx_HAL_Driver/Src/stm32f7xx_hal_rcc.o
 .debug_aranges
                0x000009d8       0x50 ./Drivers/STM32F7xx_HAL_Driver/Src/stm32f7xx_hal_rcc_ex.o
 .debug_aranges
                0x00000a28      0x3e0 ./Drivers/STM32F7xx_HAL_Driver/Src/stm32f7xx_hal_tim.o
 .debug_aranges
                0x00000e08      0x180 ./Drivers/STM32F7xx_HAL_Driver/Src/stm32f7xx_hal_tim_ex.o
 .debug_aranges
                0x00000f88      0x230 ./Drivers/STM32F7xx_HAL_Driver/Src/stm32f7xx_hal_uart.o

.debug_rnglists
                0x00000000      0xe12
 .debug_rnglists
                0x00000000       0x3e ./Core/Src/accel.o
 .debug_rnglists
                0x0000003e       0x31 ./Core/Src/i2c-lcd.o
 .debug_rnglists
                0x0000006f       0xd5 ./Core/Src/main.o
 .debug_rnglists
                0x00000144       0x4d ./Core/Src/stm32f7xx_hal_msp.o
 .debug_rnglists
                0x00000191       0x6d ./Core/Src/stm32f7xx_it.o
 .debug_rnglists
                0x000001fe       0x1a ./Core/Src/system_stm32f7xx.o
 .debug_rnglists
                0x00000218       0x19 ./Core/Startup/startup_stm32f767zitx.o
 .debug_rnglists
                0x00000231       0xc7 ./Drivers/STM32F7xx_HAL_Driver/Src/stm32f7xx_hal.o
 .debug_rnglists
                0x000002f8       0xda ./Drivers/STM32F7xx_HAL_Driver/Src/stm32f7xx_hal_cortex.o
 .debug_rnglists
                0x000003d2       0x70 ./Drivers/STM32F7xx_HAL_Driver/Src/stm32f7xx_hal_dma.o
 .debug_rnglists
                0x00000442       0x3f ./Drivers/STM32F7xx_HAL_Driver/Src/stm32f7xx_hal_gpio.o
 .debug_rnglists
                0x00000481      0x228 ./Drivers/STM32F7xx_HAL_Driver/Src/stm32f7xx_hal_i2c.o
 .debug_rnglists
                0x000006a9       0x27 ./Drivers/STM32F7xx_HAL_Driver/Src/stm32f7xx_hal_i2c_ex.o
 .debug_rnglists
                0x000006d0       0x5f ./Drivers/STM32F7xx_HAL_Driver/Src/stm32f7xx_hal_pwr_ex.o
 .debug_rnglists
                0x0000072f       0x67 ./Drivers/STM32F7xx_HAL_Driver/Src/stm32f7xx_hal_rcc.o
 .debug_rnglists
                0x00000796       0x3c ./Drivers/STM32F7xx_HAL_Driver/Src/stm32f7xx_hal_rcc_ex.o
 .debug_rnglists
                0x000007d2      0x328 ./Drivers/STM32F7xx_HAL_Driver/Src/stm32f7xx_hal_tim.o
 .debug_rnglists
                0x00000afa      0x138 ./Drivers/STM32F7xx_HAL_Driver/Src/stm32f7xx_hal_tim_ex.o
 .debug_rnglists
                0x00000c32      0x1e0 ./Drivers/STM32F7xx_HAL_Driver/Src/stm32f7xx_hal_uart.o

.debug_macro    0x00000000    0x28743
 .debug_macro   0x00000000      0x2d8 ./Core/Src/accel.o
 .debug_macro   0x000002d8      0xaf0 ./Core/Src/accel.o
 .debug_macro   0x00000dc8       0x22 ./Core/Src/accel.o
 .debug_macro   0x00000dea       0x8e ./Core/Src/accel.o
 .debug_macro   0x00000e78       0x51 ./Core/Src/accel.o
 .debug_macro   0x00000ec9      0x103 ./Core/Src/accel.o
 .debug_macro   0x00000fcc       0x6a ./Core/Src/accel.o
 .debug_macro   0x00001036      0x1df ./Core/Src/accel.o
 .debug_macro   0x00001215      0x30e ./Core/Src/accel.o
 .debug_macro   0x00001523      0x293 ./Core/Src/accel.o
 .debug_macro   0x000017b6       0x2e ./Core/Src/accel.o
 .debug_macro   0x000017e4       0x3b ./Core/Src/accel.o
 .debug_macro   0x0000181f       0x1c ./Core/Src/accel.o
 .debug_macro   0x0000183b       0x22 ./Core/Src/accel.o
 .debug_macro   0x0000185d       0xd9 ./Core/Src/accel.o
 .debug_macro   0x00001936     0x12cd ./Core/Src/accel.o
 .debug_macro   0x00002c03      0x11f ./Core/Src/accel.o
 .debug_macro   0x00002d22       0x19 ./Core/Src/accel.o
 .debug_macro   0x00002d3b    0x1aa23 ./Core/Src/accel.o
 .debug_macro   0x0001d75e       0x6d ./Core/Src/accel.o
 .debug_macro   0x0001d7cb     0x3765 ./Core/Src/accel.o
 .debug_macro   0x00020f30      0x190 ./Core/Src/accel.o
 .debug_macro   0x000210c0       0x63 ./Core/Src/accel.o
 .debug_macro   0x00021123     0x1add ./Core/Src/accel.o
 .debug_macro   0x00022c00      0x6c4 ./Core/Src/accel.o
 .debug_macro   0x000232c4      0x18b ./Core/Src/accel.o
 .debug_macro   0x0002344f      0x115 ./Core/Src/accel.o
 .debug_macro   0x00023564      0x26e ./Core/Src/accel.o
 .debug_macro   0x000237d2       0xa5 ./Core/Src/accel.o
 .debug_macro   0x00023877      0x24f ./Core/Src/accel.o
 .debug_macro   0x00023ac6       0x71 ./Core/Src/accel.o
 .debug_macro   0x00023b37       0x58 ./Core/Src/accel.o
 .debug_macro   0x00023b8f      0x236 ./Core/Src/accel.o
 .debug_macro   0x00023dc5      0x14e ./Core/Src/accel.o
 .debug_macro   0x00023f13      0x3db ./Core/Src/accel.o
 .debug_macro   0x000242ee       0x12 ./Core/Src/accel.o
 .debug_macro   0x00024300      0x22c ./Core/Src/accel.o
 .debug_macro   0x0002452c       0x61 ./Core/Src/accel.o
 .debug_macro   0x0002458d       0xa5 ./Core/Src/accel.o
 .debug_macro   0x00024632      0x12e ./Core/Src/accel.o
 .debug_macro   0x00024760      0x108 ./Core/Src/accel.o
 .debug_macro   0x00024868       0x35 ./Core/Src/accel.o
 .debug_macro   0x0002489d      0xa91 ./Core/Src/accel.o
 .debug_macro   0x0002532e       0xa9 ./Core/Src/accel.o
 .debug_macro   0x000253d7      0x5ba ./Core/Src/accel.o
 .debug_macro   0x00025991       0x44 ./Core/Src/accel.o
 .debug_macro   0x000259d5      0x15b ./Core/Src/accel.o
 .debug_macro   0x00025b30       0xb2 ./Core/Src/accel.o
 .debug_macro   0x00025be2       0x61 ./Core/Src/accel.o
 .debug_macro   0x00025c43       0x29 ./Core/Src/accel.o
 .debug_macro   0x00025c6c       0x43 ./Core/Src/accel.o
 .debug_macro   0x00025caf       0x34 ./Core/Src/accel.o
 .debug_macro   0x00025ce3      0x370 ./Core/Src/accel.o
 .debug_macro   0x00026053       0x16 ./Core/Src/accel.o
 .debug_macro   0x00026069       0x4a ./Core/Src/accel.o
 .debug_macro   0x000260b3       0x34 ./Core/Src/accel.o
 .debug_macro   0x000260e7       0x10 ./Core/Src/accel.o
 .debug_macro   0x000260f7       0x58 ./Core/Src/accel.o
 .debug_macro   0x0002614f       0x8e ./Core/Src/accel.o
 .debug_macro   0x000261dd       0x1c ./Core/Src/accel.o
 .debug_macro   0x000261f9      0x185 ./Core/Src/accel.o
 .debug_macro   0x0002637e       0x10 ./Core/Src/accel.o
 .debug_macro   0x0002638e       0x3c ./Core/Src/accel.o
 .debug_macro   0x000263ca       0x20 ./Core/Src/accel.o
 .debug_macro   0x000263ea       0x1c ./Core/Src/accel.o
 .debug_macro   0x00026406      0x1ed ./Core/Src/i2c-lcd.o
 .debug_macro   0x000265f3      0x385 ./Core/Src/main.o
 .debug_macro   0x00026978      0x1f2 ./Core/Src/stm32f7xx_hal_msp.o
 .debug_macro   0x00026b6a      0x1fc ./Core/Src/stm32f7xx_it.o
 .debug_macro   0x00026d66      0x1e3 ./Core/Src/system_stm32f7xx.o
 .debug_macro   0x00026f49      0x207 ./Drivers/STM32F7xx_HAL_Driver/Src/stm32f7xx_hal.o
 .debug_macro   0x00027150      0x1e3 ./Drivers/STM32F7xx_HAL_Driver/Src/stm32f7xx_hal_cortex.o
 .debug_macro   0x00027333      0x1e9 ./Drivers/STM32F7xx_HAL_Driver/Src/stm32f7xx_hal_dma.o
 .debug_macro   0x0002751c      0x1e9 ./Drivers/STM32F7xx_HAL_Driver/Src/stm32f7xx_hal_gpio.o
 .debug_macro   0x00027705      0x2af ./Drivers/STM32F7xx_HAL_Driver/Src/stm32f7xx_hal_i2c.o
 .debug_macro   0x000279b4      0x1e3 ./Drivers/STM32F7xx_HAL_Driver/Src/stm32f7xx_hal_i2c_ex.o
 .debug_macro   0x00027b97      0x1fb ./Drivers/STM32F7xx_HAL_Driver/Src/stm32f7xx_hal_pwr_ex.o
 .debug_macro   0x00027d92      0x207 ./Drivers/STM32F7xx_HAL_Driver/Src/stm32f7xx_hal_rcc.o
 .debug_macro   0x00027f99      0x1e3 ./Drivers/STM32F7xx_HAL_Driver/Src/stm32f7xx_hal_rcc_ex.o
 .debug_macro   0x0002817c      0x1e4 ./Drivers/STM32F7xx_HAL_Driver/Src/stm32f7xx_hal_tim.o
 .debug_macro   0x00028360      0x1e3 ./Drivers/STM32F7xx_HAL_Driver/Src/stm32f7xx_hal_tim_ex.o
 .debug_macro   0x00028543      0x200 ./Drivers/STM32F7xx_HAL_Driver/Src/stm32f7xx_hal_uart.o

.debug_line     0x00000000    0x16298
 .debug_line    0x00000000      0xa1e ./Core/Src/accel.o
 .debug_line    0x00000a1e      0x83e ./Core/Src/i2c-lcd.o
 .debug_line    0x0000125c     0x11f9 ./Core/Src/main.o
 .debug_line    0x00002455      0xa09 ./Core/Src/stm32f7xx_hal_msp.o
 .debug_line    0x00002e5e      0x8c9 ./Core/Src/stm32f7xx_it.o
 .debug_line    0x00003727      0x7f4 ./Core/Src/system_stm32f7xx.o
 .debug_line    0x00003f1b       0x7a ./Core/Startup/startup_stm32f767zitx.o
 .debug_line    0x00003f95      0xac8 ./Drivers/STM32F7xx_HAL_Driver/Src/stm32f7xx_hal.o
 .debug_line    0x00004a5d      0xd18 ./Drivers/STM32F7xx_HAL_Driver/Src/stm32f7xx_hal_cortex.o
 .debug_line    0x00005775      0xfe3 ./Drivers/STM32F7xx_HAL_Driver/Src/stm32f7xx_hal_dma.o
 .debug_line    0x00006758      0xbf2 ./Drivers/STM32F7xx_HAL_Driver/Src/stm32f7xx_hal_gpio.o
 .debug_line    0x0000734a     0x37aa ./Drivers/STM32F7xx_HAL_Driver/Src/stm32f7xx_hal_i2c.o
 .debug_line    0x0000aaf4      0x843 ./Drivers/STM32F7xx_HAL_Driver/Src/stm32f7xx_hal_i2c_ex.o
 .debug_line    0x0000b337      0xa68 ./Drivers/STM32F7xx_HAL_Driver/Src/stm32f7xx_hal_pwr_ex.o
 .debug_line    0x0000bd9f      0xfcd ./Drivers/STM32F7xx_HAL_Driver/Src/stm32f7xx_hal_rcc.o
 .debug_line    0x0000cd6c      0xf1b ./Drivers/STM32F7xx_HAL_Driver/Src/stm32f7xx_hal_rcc_ex.o
 .debug_line    0x0000dc87     0x3d3b ./Drivers/STM32F7xx_HAL_Driver/Src/stm32f7xx_hal_tim.o
 .debug_line    0x000119c2     0x1b9e ./Drivers/STM32F7xx_HAL_Driver/Src/stm32f7xx_hal_tim_ex.o
 .debug_line    0x00013560     0x2d38 ./Drivers/STM32F7xx_HAL_Driver/Src/stm32f7xx_hal_uart.o

.debug_str      0x00000000    0xfd887
 .debug_str     0x00000000    0xfd887 ./Core/Src/accel.o
                              0xf8900 (size before relaxing)
 .debug_str     0x000fd887    0xf42cf ./Core/Src/i2c-lcd.o
 .debug_str     0x000fd887    0xf9135 ./Core/Src/main.o
 .debug_str     0x000fd887    0xf564f ./Core/Src/stm32f7xx_hal_msp.o
 .debug_str     0x000fd887    0xf493d ./Core/Src/stm32f7xx_it.o
 .debug_str     0x000fd887    0xf3fb4 ./Core/Src/system_stm32f7xx.o
 .debug_str     0x000fd887       0xa0 ./Core/Startup/startup_stm32f767zitx.o
 .debug_str     0x000fd887    0xf49f4 ./Drivers/STM32F7xx_HAL_Driver/Src/stm32f7xx_hal.o
 .debug_str     0x000fd887    0xf49d6 ./Drivers/STM32F7xx_HAL_Driver/Src/stm32f7xx_hal_cortex.o
 .debug_str     0x000fd887    0xf42f3 ./Drivers/STM32F7xx_HAL_Driver/Src/stm32f7xx_hal_dma.o
 .debug_str     0x000fd887    0xf4072 ./Drivers/STM32F7xx_HAL_Driver/Src/stm32f7xx_hal_gpio.o
 .debug_str     0x000fd887    0xf51c7 ./Drivers/STM32F7xx_HAL_Driver/Src/stm32f7xx_hal_i2c.o
 .debug_str     0x000fd887    0xf4446 ./Drivers/STM32F7xx_HAL_Driver/Src/stm32f7xx_hal_i2c_ex.o
 .debug_str     0x000fd887    0xf4223 ./Drivers/STM32F7xx_HAL_Driver/Src/stm32f7xx_hal_pwr_ex.o
 .debug_str     0x000fd887    0xf432f ./Drivers/STM32F7xx_HAL_Driver/Src/stm32f7xx_hal_rcc.o
 .debug_str     0x000fd887    0xf4292 ./Drivers/STM32F7xx_HAL_Driver/Src/stm32f7xx_hal_rcc_ex.o
 .debug_str     0x000fd887    0xf52d7 ./Drivers/STM32F7xx_HAL_Driver/Src/stm32f7xx_hal_tim.o
 .debug_str     0x000fd887    0xf4bdd ./Drivers/STM32F7xx_HAL_Driver/Src/stm32f7xx_hal_tim_ex.o
 .debug_str     0x000fd887    0xf4c7d ./Drivers/STM32F7xx_HAL_Driver/Src/stm32f7xx_hal_uart.o

.comment        0x00000000       0x43
 .comment       0x00000000       0x43 ./Core/Src/accel.o
                                 0x44 (size before relaxing)
 .comment       0x00000043       0x44 ./Core/Src/i2c-lcd.o
 .comment       0x00000043       0x44 ./Core/Src/main.o
 .comment       0x00000043       0x44 ./Core/Src/stm32f7xx_hal_msp.o
 .comment       0x00000043       0x44 ./Core/Src/stm32f7xx_it.o
 .comment       0x00000043       0x44 ./Core/Src/system_stm32f7xx.o
 .comment       0x00000043       0x44 ./Drivers/STM32F7xx_HAL_Driver/Src/stm32f7xx_hal.o
 .comment       0x00000043       0x44 ./Drivers/STM32F7xx_HAL_Driver/Src/stm32f7xx_hal_cortex.o
 .comment       0x00000043       0x44 ./Drivers/STM32F7xx_HAL_Driver/Src/stm32f7xx_hal_dma.o
 .comment       0x00000043       0x44 ./Drivers/STM32F7xx_HAL_Driver/Src/stm32f7xx_hal_gpio.o
 .comment       0x00000043       0x44 ./Drivers/STM32F7xx_HAL_Driver/Src/stm32f7xx_hal_i2c.o
 .comment       0x00000043       0x44 ./Drivers/STM32F7xx_HAL_Driver/Src/stm32f7xx_hal_i2c_ex.o
 .comment       0x00000043       0x44 ./Drivers/STM32F7xx_HAL_Driver/Src/stm32f7xx_hal_pwr_ex.o
 .comment       0x00000043       0x44 ./Drivers/STM32F7xx_HAL_Driver/Src/stm32f7xx_hal_rcc.o
 .comment       0x00000043       0x44 ./Drivers/STM32F7xx_HAL_Driver/Src/stm32f7xx_hal_rcc_ex.o
 .comment       0x00000043       0x44 ./Drivers/STM32F7xx_HAL_Driver/Src/stm32f7xx_hal_tim.o
 .comment       0x00000043       0x44 ./Drivers/STM32F7xx_HAL_Driver/Src/stm32f7xx_hal_tim_ex.o
 .comment       0x00000043       0x44 ./Drivers/STM32F7xx_HAL_Driver/Src/stm32f7xx_hal_uart.o

.debug_frame    0x00000000     0x4b30
 .debug_frame   0x00000000      0x138 ./Core/Src/accel.o
 .debug_frame   0x00000138       0xe0 ./Core/Src/i2c-lcd.o
 .debug_frame   0x00000218      0x37c ./Core/Src/main.o
 .debug_frame   0x00000594      0x190 ./Core/Src/stm32f7xx_hal_msp.o
 .debug_frame   0x00000724      0x1c8 ./Core/Src/stm32f7xx_it.o
 .debug_frame   0x000008ec       0x58 ./Core/Src/system_stm32f7xx.o
 .debug_frame   0x00000944      0x3f4 ./Drivers/STM32F7xx_HAL_Driver/Src/stm32f7xx_hal.o
 .debug_frame   0x00000d38      0x4e8 ./Drivers/STM32F7xx_HAL_Driver/Src/stm32f7xx_hal_cortex.o
 .debug_frame   0x00001220      0x250 ./Drivers/STM32F7xx_HAL_Driver/Src/stm32f7xx_hal_dma.o
 .debug_frame   0x00001470      0x14c ./Drivers/STM32F7xx_HAL_Driver/Src/stm32f7xx_hal_gpio.o
 .debug_frame   0x000015bc      0xc38 ./Drivers/STM32F7xx_HAL_Driver/Src/stm32f7xx_hal_i2c.o
 .debug_frame   0x000021f4       0xb0 ./Drivers/STM32F7xx_HAL_Driver/Src/stm32f7xx_hal_i2c_ex.o
 .debug_frame   0x000022a4      0x1c8 ./Drivers/STM32F7xx_HAL_Driver/Src/stm32f7xx_hal_pwr_ex.o
 .debug_frame   0x0000246c      0x1f8 ./Drivers/STM32F7xx_HAL_Driver/Src/stm32f7xx_hal_rcc.o
 .debug_frame   0x00002664      0x118 ./Drivers/STM32F7xx_HAL_Driver/Src/stm32f7xx_hal_rcc_ex.o
 .debug_frame   0x0000277c     0x121c ./Drivers/STM32F7xx_HAL_Driver/Src/stm32f7xx_hal_tim.o
 .debug_frame   0x00003998      0x6b0 ./Drivers/STM32F7xx_HAL_Driver/Src/stm32f7xx_hal_tim_ex.o
 .debug_frame   0x00004048      0xa10 ./Drivers/STM32F7xx_HAL_Driver/Src/stm32f7xx_hal_uart.o
 .debug_frame   0x00004a58       0x20 C:/ST/STM32CubeIDE_1.18.0/STM32CubeIDE/plugins/com.st.stm32cube.ide.mcu.externaltools.gnu-tools-for-stm32.13.3.rel1.win32_1.0.0.202411081344/tools/bin/../lib/gcc/arm-none-eabi/13.3.1/../../../../arm-none-eabi/lib/thumb/v7e-m+dp/hard\libc_nano.a(libc_a-memset.o)
 .debug_frame   0x00004a78       0x2c C:/ST/STM32CubeIDE_1.18.0/STM32CubeIDE/plugins/com.st.stm32cube.ide.mcu.externaltools.gnu-tools-for-stm32.13.3.rel1.win32_1.0.0.202411081344/tools/bin/../lib/gcc/arm-none-eabi/13.3.1/../../../../arm-none-eabi/lib/thumb/v7e-m+dp/hard\libc_nano.a(libc_a-strstr.o)
 .debug_frame   0x00004aa4       0x2c C:/ST/STM32CubeIDE_1.18.0/STM32CubeIDE/plugins/com.st.stm32cube.ide.mcu.externaltools.gnu-tools-for-stm32.13.3.rel1.win32_1.0.0.202411081344/tools/bin/../lib/gcc/arm-none-eabi/13.3.1/../../../../arm-none-eabi/lib/thumb/v7e-m+dp/hard\libc_nano.a(libc_a-init.o)
 .debug_frame   0x00004ad0       0x2c C:/ST/STM32CubeIDE_1.18.0/STM32CubeIDE/plugins/com.st.stm32cube.ide.mcu.externaltools.gnu-tools-for-stm32.13.3.rel1.win32_1.0.0.202411081344/tools/bin/../lib/gcc/arm-none-eabi/13.3.1/thumb/v7e-m+dp/hard\libgcc.a(_aeabi_uldivmod.o)
 .debug_frame   0x00004afc       0x34 C:/ST/STM32CubeIDE_1.18.0/STM32CubeIDE/plugins/com.st.stm32cube.ide.mcu.externaltools.gnu-tools-for-stm32.13.3.rel1.win32_1.0.0.202411081344/tools/bin/../lib/gcc/arm-none-eabi/13.3.1/thumb/v7e-m+dp/hard\libgcc.a(_udivmoddi4.o)

.debug_line_str
                0x00000000       0x84
 .debug_line_str
                0x00000000       0x84 ./Core/Startup/startup_stm32f767zitx.o
