../Core/Src/main.c:172:6:Interpret_Commands	24	static
../Core/Src/main.c:217:6:Send_to_Base	24	static
../Core/Src/main.c:237:6:Receive_from_Base	8	static
../Core/Src/main.c:242:6:HAL_UART_TxCpltCallback	16	static
../Core/Src/main.c:251:6:HAL_UART_RxCpltCallback	16	static
../Core/Src/main.c:268:6:delay_in_us	16	static
../Core/Src/main.c:275:6:poll_ultrasonic	8	static
../Core/Src/main.c:333:6:HAL_TIM_IC_CaptureCallback	24	static
../Core/Src/main.c:373:6:Start_Diff_PWM	8	static
../Core/Src/main.c:380:6:move	16	static
../Core/Src/main.c:422:6:motors_controller	16	static
../Core/Src/main.c:456:6:HAL_TIM_PeriodElapsedCallback	16	static
../Core/Src/main.c:476:5:main	8	static
../Core/Src/main.c:609:6:SystemClock_Config	88	static
../Core/Src/main.c:664:13:MX_I2C1_Init	8	static
../Core/Src/main.c:712:13:MX_I2C2_Init	8	static
../Core/Src/main.c:760:13:MX_TIM1_Init	56	static
../Core/Src/main.c:820:13:MX_TIM2_Init	56	static
../Core/Src/main.c:878:13:MX_TIM3_Init	56	static
../Core/Src/main.c:936:13:MX_TIM4_Init	56	static
../Core/Src/main.c:994:13:MX_TIM8_Init	96	static
../Core/Src/main.c:1068:13:MX_TIM9_Init	24	static
../Core/Src/main.c:1106:13:MX_USART2_UART_Init	8	static
../Core/Src/main.c:1141:13:MX_GPIO_Init	56	static
../Core/Src/main.c:1230:6:MPU_Config	24	static
../Core/Src/main.c:1261:6:Error_Handler	4	static,ignoring_inline_asm
