../Core/Src/main.c:83:6:delay_in_us	16	static
../Core/Src/main.c:89:6:poll_ultrasonic	16	static
../Core/Src/main.c:125:6:HAL_TIM_IC_CaptureCallback	24	static
../Core/Src/main.c:187:5:main	8	static
../Core/Src/main.c:242:6:SystemClock_Config	88	static
../Core/Src/main.c:297:13:MX_I2C2_Init	8	static
../Core/Src/main.c:345:13:MX_TIM1_Init	40	static
../Core/Src/main.c:395:13:MX_TIM2_Init	40	static
../Core/Src/main.c:443:13:MX_TIM3_Init	40	static
../Core/Src/main.c:491:13:MX_TIM4_Init	40	static
../Core/Src/main.c:539:13:MX_GPIO_Init	48	static
../Core/Src/main.c:614:6:MPU_Config	24	static
../Core/Src/main.c:645:6:Error_Handler	4	static,ignoring_inline_asm
