../Core/Src/main.c:82:6:j_command	8	static
../Core/Src/main.c:96:5:main	16	static
../Core/Src/main.c:152:6:SystemClock_Config	88	static
../Core/Src/main.c:194:13:MX_TIM1_Init	56	static
../Core/Src/main.c:254:13:MX_UART4_Init	8	static
../Core/Src/main.c:289:13:MX_UART5_Init	8	static
../Core/Src/main.c:322:13:MX_DMA_Init	16	static
../Core/Src/main.c:343:13:MX_GPIO_Init	40	static
../Core/Src/main.c:373:6:HAL_UART_TxCpltCallback	16	static
../Core/Src/main.c:383:6:HAL_UART_RxCpltCallback	16	static
../Core/Src/main.c:407:6:MPU_Config	24	static
../Core/Src/main.c:438:6:Error_Handler	4	static,ignoring_inline_asm
