../Core/Src/main.c:83:6:HAL_UART_txCPltCallback	16	static
../Core/Src/main.c:93:6:HAL_UART_rxCPltCallback	16	static
../Core/Src/main.c:116:6:j_command	8	static
../Core/Src/main.c:130:5:main	8	static
../Core/Src/main.c:183:6:SystemClock_Config	88	static
../Core/Src/main.c:225:13:MX_TIM1_Init	56	static
../Core/Src/main.c:285:13:MX_UART4_Init	8	static
../Core/Src/main.c:320:13:MX_UART5_Init	8	static
../Core/Src/main.c:353:13:MX_DMA_Init	16	static
../Core/Src/main.c:374:13:MX_GPIO_Init	40	static
../Core/Src/main.c:407:6:MPU_Config	24	static
../Core/Src/main.c:438:6:Error_Handler	4	static,ignoring_inline_asm
