21:42:07 **** Incremental Build of configuration Debug for project pwm_test ****
make -j16 all 
arm-none-eabi-gcc "../Core/Src/main.c" -mcpu=cortex-m7 -std=gnu11 -g3 -DDEBUG -DUSE_HAL_DRIVER -DSTM32F767xx -c -I../Core/Inc -I../Drivers/STM32F7xx_HAL_Driver/Inc -I../Drivers/STM32F7xx_HAL_Driver/Inc/Legacy -I../Drivers/CMSIS/Device/ST/STM32F7xx/Include -I../Drivers/CMSIS/Include -O0 -ffunction-sections -fdata-sections -Wall -fstack-usage -fcyclomatic-complexity -MMD -MP -MF"Core/Src/main.d" -MT"Core/Src/main.o" --specs=nano.specs -mfpu=fpv5-d16 -mfloat-abi=hard -mthumb -o "Core/Src/main.o"
arm-none-eabi-gcc -o "pwm_test.elf" @"objects.list"   -mcpu=cortex-m7 -T"C:\senior_design\Debug\pwm_test\STM32F767ZITX_FLASH.ld" --specs=nosys.specs -Wl,-Map="pwm_test.map" -Wl,--gc-sections -static --specs=nano.specs -mfpu=fpv5-d16 -mfloat-abi=hard -mthumb -Wl,--start-group -lc -lm -Wl,--end-group
Finished building target: pwm_test.elf
 
arm-none-eabi-size  pwm_test.elf 
arm-none-eabi-objdump -h -S pwm_test.elf  > "pwm_test.list"
   text	   data	    bss	    dec	    hex	filename
  10376	     12	   1644	  12032	   2f00	pwm_test.elf
Finished building: default.size.stdout
 
Finished building: pwm_test.list
 

21:42:08 Build Finished. 0 errors, 0 warnings. (took 1s.340ms)

