../Core/Src/main.c:104:6:Board_Communication_TX_Multiple_Bytes	16	static
../Core/Src/main.c:111:6:Board_Communication_Start_UART_Receive	8	static
../Core/Src/main.c:117:6:HAL_UART_TxCpltCallback	16	static
../Core/Src/main.c:134:6:HAL_UART_RxCpltCallback	16	static
../Core/Src/main.c:169:5:main	8	static
../Core/Src/main.c:231:6:SystemClock_Config	88	static
../Core/Src/main.c:289:13:MX_ETH_Init	8	static
../Core/Src/main.c:338:13:MX_USART2_UART_Init	8	static
../Core/Src/main.c:373:13:MX_USART3_UART_Init	8	static
../Core/Src/main.c:408:13:MX_USB_OTG_FS_PCD_Init	8	static
../Core/Src/main.c:443:13:MX_GPIO_Init	56	static
../Core/Src/main.c:501:6:Error_Handler	4	static,ignoring_inline_asm
