../Core/Src/main.c:102:6:delay_in_us	16	static
../Core/Src/main.c:109:6:HAL_TIM_IC_CaptureCallback	16	static
../Core/Src/main.c:140:13:HCSR04_Read	8	static
../Core/Src/main.c:154:5:main	8	static
../Core/Src/main.c:212:6:SystemClock_Config	88	static
../Core/Src/main.c:266:13:MX_ETH_Init	8	static
../Core/Src/main.c:315:13:MX_I2C1_Init	8	static
../Core/Src/main.c:363:13:MX_TIM1_Init	56	static
../Core/Src/main.c:423:13:MX_USART3_UART_Init	8	static
../Core/Src/main.c:458:13:MX_USB_OTG_FS_PCD_Init	8	static
../Core/Src/main.c:493:13:MX_GPIO_Init	56	static
../Core/Src/main.c:562:6:Error_Handler	4	static,ignoring_inline_asm
