../Core/Src/main.c:92:6:delay_in_us	16	static
../Core/Src/main.c:99:6:HAL_TIM_IC_CaptureCallback	16	static
../Core/Src/main.c:130:13:HCSR04_Read	8	static
../Core/Src/main.c:167:5:main	8	static
../Core/Src/main.c:228:6:SystemClock_Config	88	static
../Core/Src/main.c:283:13:MX_I2C1_Init	8	static
../Core/Src/main.c:331:13:MX_TIM1_Init	56	static
../Core/Src/main.c:391:13:MX_TIM2_Init	56	static
../Core/Src/main.c:449:13:MX_TIM3_Init	56	static
../Core/Src/main.c:507:13:MX_TIM4_Init	56	static
../Core/Src/main.c:565:13:MX_GPIO_Init	48	static
../Core/Src/main.c:630:6:Error_Handler	4	static,ignoring_inline_asm
