../Core/Src/main.c:91:6:HAL_UART_RxCpltCallback	16	static
../Core/Src/main.c:111:5:main	8	static
../Core/Src/main.c:176:6:SystemClock_Config	88	static
../Core/Src/main.c:234:13:MX_ETH_Init	8	static
../Core/Src/main.c:283:13:MX_I2C1_Init	8	static
../Core/Src/main.c:331:13:MX_USART2_UART_Init	8	static
../Core/Src/main.c:366:13:MX_USART3_UART_Init	8	static
../Core/Src/main.c:401:13:MX_USB_OTG_FS_PCD_Init	8	static
../Core/Src/main.c:436:13:MX_GPIO_Init	56	static
../Core/Src/main.c:501:6:Error_Handler	4	static,ignoring_inline_asm
