../Core/Src/main.c:106:5:main	8	static
../Core/Src/main.c:198:6:SystemClock_Config	88	static
../Core/Src/main.c:256:13:MX_ETH_Init	8	static
../Core/Src/main.c:305:13:MX_I2C1_Init	8	static
../Core/Src/main.c:353:13:MX_I2C2_Init	8	static
../Core/Src/main.c:401:13:MX_USART2_UART_Init	8	static
../Core/Src/main.c:436:13:MX_USART3_UART_Init	8	static
../Core/Src/main.c:471:13:MX_USB_OTG_FS_PCD_Init	8	static
../Core/Src/main.c:504:13:MX_DMA_Init	16	static
../Core/Src/main.c:525:13:MX_GPIO_Init	56	static
../Core/Src/main.c:584:6:Error_Handler	4	static,ignoring_inline_asm
